$ ctest --test-dir /home/muhammad/SQE_A2/PX4-Autopilot-Testing/build/px4_sitl_test -R '^unit-Hysteresis$' --timeout 30 -V
Internal ctest changing into directory: /home/muhammad/SQE_A2/PX4-Autopilot-Testing/build/px4_sitl_test
UpdateCTestConfiguration  from :/home/muhammad/SQE_A2/PX4-Autopilot-Testing/build/px4_sitl_test/DartConfiguration.tcl
Parse Config file:/home/muhammad/SQE_A2/PX4-Autopilot-Testing/build/px4_sitl_test/DartConfiguration.tcl
UpdateCTestConfiguration  from :/home/muhammad/SQE_A2/PX4-Autopilot-Testing/build/px4_sitl_test/DartConfiguration.tcl
Parse Config file:/home/muhammad/SQE_A2/PX4-Autopilot-Testing/build/px4_sitl_test/DartConfiguration.tcl
Test project /home/muhammad/SQE_A2/PX4-Autopilot-Testing/build/px4_sitl_test
Constructing a list of tests
Done constructing a list of tests
Updating test list for fixtures
Added 0 tests to meet fixture requirements
Checking test dependency graph...
Checking test dependency graph end
test 11
    Start 11: unit-Hysteresis

11: Test command: /home/muhammad/SQE_A2/PX4-Autopilot-Testing/build/px4_sitl_test/unit-Hysteresis
11: Working Directory: /home/muhammad/SQE_A2/PX4-Autopilot-Testing/build/px4_sitl_test
11: Test timeout computed to be: 30
11: [==========] Running 7 tests from 1 test suite.
11: [----------] Global test environment set-up.
11: [----------] 7 tests from Hysteresis
11: [ RUN      ] Hysteresis.InitFalse
11: [       OK ] Hysteresis.InitFalse (0 ms)
11: [ RUN      ] Hysteresis.InitTrue
11: [       OK ] Hysteresis.InitTrue (0 ms)
11: [ RUN      ] Hysteresis.Zero
11: [       OK ] Hysteresis.Zero (0 ms)
11: [ RUN      ] Hysteresis.ChangeAfterTime
11: [       OK ] Hysteresis.ChangeAfterTime (0 ms)
11: [ RUN      ] Hysteresis.HysteresisChanged
11: [       OK ] Hysteresis.HysteresisChanged (0 ms)
11: [ RUN      ] Hysteresis.ChangeAfterMultipleSets
11: [       OK ] Hysteresis.ChangeAfterMultipleSets (0 ms)
11: [ RUN      ] Hysteresis.TakeChangeBack
11: [       OK ] Hysteresis.TakeChangeBack (0 ms)
11: [----------] 7 tests from Hysteresis (2 ms total)
11: 
11: [----------] Global test environment tear-down
11: [==========] 7 tests from 1 test suite ran. (3 ms total)
11: [  PASSED  ] 7 tests.
1/1 Test #11: unit-Hysteresis ..................   Passed    0.06 sec

The following tests passed:
	unit-Hysteresis

100% tests passed, 0 tests failed out of 1

Total Test time (real) =   0.08 sec
$ lcov --capture --initial --directory /home/muhammad/SQE_A2/PX4-Autopilot-Testing/build/px4_sitl_test/src/lib/hysteresis/CMakeFiles/hysteresis.dir --directory /home/muhammad/SQE_A2/PX4-Autopilot-Testing/build/px4_sitl_test/src/modules/attitude_estimator_q/CMakeFiles/functional-AttitudeEstimatorQ.dir --branch-coverage --ignore-errors mismatch,unused --base-directory /home/muhammad/SQE_A2/PX4-Autopilot-Testing/build/px4_sitl_test --include /home/muhammad/SQE_A2/PX4-Autopilot-Testing/src/lib/hysteresis/hysteresis.cpp --include /home/muhammad/SQE_A2/PX4-Autopilot-Testing/src/modules/attitude_estimator_q/attitude_estimator_q_main.cpp -o /home/muhammad/SQE_A2/PX4-Autopilot-Testing/member1_deliverables/coverage/baseline/initial.info
Capturing coverage data from /home/muhammad/SQE_A2/PX4-Autopilot-Testing/build/px4_sitl_test/src/lib/hysteresis/CMakeFiles/hysteresis.dir /home/muhammad/SQE_A2/PX4-Autopilot-Testing/build/px4_sitl_test/src/modules/attitude_estimator_q/CMakeFiles/functional-AttitudeEstimatorQ.dir
geninfo cmd: '/usr/bin/geninfo /home/muhammad/SQE_A2/PX4-Autopilot-Testing/build/px4_sitl_test/src/lib/hysteresis/CMakeFiles/hysteresis.dir /home/muhammad/SQE_A2/PX4-Autopilot-Testing/build/px4_sitl_test/src/modules/attitude_estimator_q/CMakeFiles/functional-AttitudeEstimatorQ.dir --output-filename /home/muhammad/SQE_A2/PX4-Autopilot-Testing/member1_deliverables/coverage/baseline/initial.info --base-directory /home/muhammad/SQE_A2/PX4-Autopilot-Testing/build/px4_sitl_test --ignore-errors mismatch --ignore-errors unused --initial --include /home/muhammad/SQE_A2/PX4-Autopilot-Testing/src/lib/hysteresis/hysteresis.cpp --include /home/muhammad/SQE_A2/PX4-Autopilot-Testing/src/modules/attitude_estimator_q/attitude_estimator_q_main.cpp --memory 0 --branch-coverage'
Found gcov version: 13.3.0
Using intermediate gcov format
Writing temporary data to /tmp/geninfo_dat_Col
Scanning /home/muhammad/SQE_A2/PX4-Autopilot-Testing/build/px4_sitl_test/src/lib/hysteresis/CMakeFiles/hysteresis.dir for .gcno files ...
Found 1 graph files in /home/muhammad/SQE_A2/PX4-Autopilot-Testing/build/px4_sitl_test/src/lib/hysteresis/CMakeFiles/hysteresis.dir
Processing /home/muhammad/SQE_A2/PX4-Autopilot-Testing/build/px4_sitl_test/src/lib/hysteresis/CMakeFiles/hysteresis.dir/hysteresis.cpp.gcno
Scanning /home/muhammad/SQE_A2/PX4-Autopilot-Testing/build/px4_sitl_test/src/modules/attitude_estimator_q/CMakeFiles/functional-AttitudeEstimatorQ.dir for .gcno files ...
Found 1 graph files in /home/muhammad/SQE_A2/PX4-Autopilot-Testing/build/px4_sitl_test/src/modules/attitude_estimator_q/CMakeFiles/functional-AttitudeEstimatorQ.dir
Processing /home/muhammad/SQE_A2/PX4-Autopilot-Testing/build/px4_sitl_test/src/modules/attitude_estimator_q/CMakeFiles/functional-AttitudeEstimatorQ.dir/AttitudeEstimatorQTest.cpp.gcno
Excluded data for 48 files due to include/exclude options
Finished .info-file creation
$ lcov --capture --directory /home/muhammad/SQE_A2/PX4-Autopilot-Testing/build/px4_sitl_test/member1_profiles/baseline/src/lib/hysteresis --branch-coverage --ignore-errors mismatch,unused --base-directory /home/muhammad/SQE_A2/PX4-Autopilot-Testing/build/px4_sitl_test --include /home/muhammad/SQE_A2/PX4-Autopilot-Testing/src/lib/hysteresis/hysteresis.cpp --include /home/muhammad/SQE_A2/PX4-Autopilot-Testing/src/modules/attitude_estimator_q/attitude_estimator_q_main.cpp -o /home/muhammad/SQE_A2/PX4-Autopilot-Testing/member1_deliverables/coverage/baseline/executed.info
Capturing coverage data from /home/muhammad/SQE_A2/PX4-Autopilot-Testing/build/px4_sitl_test/member1_profiles/baseline/src/lib/hysteresis
geninfo cmd: '/usr/bin/geninfo /home/muhammad/SQE_A2/PX4-Autopilot-Testing/build/px4_sitl_test/member1_profiles/baseline/src/lib/hysteresis --output-filename /home/muhammad/SQE_A2/PX4-Autopilot-Testing/member1_deliverables/coverage/baseline/executed.info --base-directory /home/muhammad/SQE_A2/PX4-Autopilot-Testing/build/px4_sitl_test --ignore-errors mismatch --ignore-errors unused --include /home/muhammad/SQE_A2/PX4-Autopilot-Testing/src/lib/hysteresis/hysteresis.cpp --include /home/muhammad/SQE_A2/PX4-Autopilot-Testing/src/modules/attitude_estimator_q/attitude_estimator_q_main.cpp --memory 0 --branch-coverage'
Found gcov version: 13.3.0
Using intermediate gcov format
Writing temporary data to /tmp/geninfo_datiGmM
Scanning /home/muhammad/SQE_A2/PX4-Autopilot-Testing/build/px4_sitl_test/member1_profiles/baseline/src/lib/hysteresis for .gcda files ...
Found 2 data files in /home/muhammad/SQE_A2/PX4-Autopilot-Testing/build/px4_sitl_test/member1_profiles/baseline/src/lib/hysteresis
Processing /home/muhammad/SQE_A2/PX4-Autopilot-Testing/build/px4_sitl_test/member1_profiles/baseline/src/lib/hysteresis/CMakeFiles/hysteresis.dir/hysteresis.cpp.gcda
Processing /home/muhammad/SQE_A2/PX4-Autopilot-Testing/build/px4_sitl_test/member1_profiles/baseline/src/lib/hysteresis/CMakeFiles/unit-Hysteresis.dir/HysteresisTest.cpp.gcda
geninfo: WARNING: ('unused') 'include' pattern '/home/muhammad/SQE_A2/PX4-Autopilot-Testing/src/modules/attitude_estimator_q/attitude_estimator_q_main.cpp' is unused.
Excluded data for 18 files due to include/exclude options
Finished .info-file creation
$ lcov --branch-coverage -a /home/muhammad/SQE_A2/PX4-Autopilot-Testing/member1_deliverables/coverage/baseline/initial.info -a /home/muhammad/SQE_A2/PX4-Autopilot-Testing/member1_deliverables/coverage/baseline/executed.info -o /home/muhammad/SQE_A2/PX4-Autopilot-Testing/member1_deliverables/coverage/baseline/coverage.info
Combining tracefiles.
.. found 2 files to aggregate.
Merging /home/muhammad/SQE_A2/PX4-Autopilot-Testing/member1_deliverables/coverage/baseline/initial.info..1 remaining
Merging /home/muhammad/SQE_A2/PX4-Autopilot-Testing/member1_deliverables/coverage/baseline/executed.info..0 remaining
Writing data to /home/muhammad/SQE_A2/PX4-Autopilot-Testing/member1_deliverables/coverage/baseline/coverage.info
Summary coverage rate:
  lines......: 8.9% (22 of 247 lines)
  functions..: 12.5% (3 of 24 functions)
  branches...: 3.0% (17 of 576 branches)
$ genhtml --branch-coverage --legend --prefix /home/muhammad/SQE_A2/PX4-Autopilot-Testing /home/muhammad/SQE_A2/PX4-Autopilot-Testing/member1_deliverables/coverage/baseline/coverage.info --output-directory /home/muhammad/SQE_A2/PX4-Autopilot-Testing/member1_deliverables/coverage/baseline/html
Found 2 entries.
Using user-specified filename prefix "/home/muhammad/SQE_A2/PX4-Autopilot-Testing"
Generating output.
Processing file src/lib/hysteresis/hysteresis.cpp
  lines=22 hit=22 functions=3 hit=3 branches=20 hit=17
Processing file src/modules/attitude_estimator_q/attitude_estimator_q_main.cpp
  lines=225 hit=0 functions=21 hit=0 branches=556 hit=0
Overall coverage rate:
  lines......: 8.9% (22 of 247 lines)
  functions......: 12.5% (3 of 24 functions)
  branches......: 3.0% (17 of 576 branches)
$ lcov --branch-coverage --summary /home/muhammad/SQE_A2/PX4-Autopilot-Testing/member1_deliverables/coverage/baseline/coverage.info
Summary coverage rate:
  lines......: 8.9% (22 of 247 lines)
  functions..: 12.5% (3 of 24 functions)
  branches...: 3.0% (17 of 576 branches)
