File '/home/muhammad/SQE_A2/PX4-Autopilot-Testing/src/modules/attitude_estimator_q/AttitudeEstimatorQTest.cpp'
Lines executed:100.00% of 488
Branches executed:58.28% of 1606
Taken at least once:31.69% of 1606
Calls executed:41.60% of 1762

File '/home/muhammad/SQE_A2/PX4-Autopilot-Testing/platforms/common/include/px4_platform_common/module.h'
Lines executed:22.47% of 89
Branches executed:4.55% of 44
Taken at least once:2.27% of 44
Calls executed:19.57% of 46

File '/home/muhammad/SQE_A2/PX4-Autopilot-Testing/build/px4_sitl_test/_deps/googletest-src/googletest/include/gtest/internal/gtest-internal.h'
Lines executed:93.94% of 66
Branches executed:49.29% of 280
Taken at least once:25.00% of 280
Calls executed:58.82% of 119

File '/usr/include/c++/13/bits/new_allocator.h'
Lines executed:100.00% of 1
No branches
No calls

File '/usr/include/c++/13/bits/allocator.h'
No executable lines
No branches
No calls

File '/home/muhammad/SQE_A2/PX4-Autopilot-Testing/build/px4_sitl_test/_deps/googletest-src/googletest/include/gtest/gtest-printers.h'
Lines executed:0.00% of 172
Branches executed:0.00% of 70
Taken at least once:0.00% of 70
Calls executed:0.00% of 67

File '/usr/include/c++/13/tuple'
Lines executed:73.91% of 46
No branches
Calls executed:72.73% of 22

File '/home/muhammad/SQE_A2/PX4-Autopilot-Testing/src/lib/matrix/matrix/Vector.hpp'
Lines executed:100.00% of 65
Branches executed:100.00% of 18
Taken at least once:61.11% of 18
Calls executed:87.88% of 33

File '/home/muhammad/SQE_A2/PX4-Autopilot-Testing/build/px4_sitl_test/_deps/googletest-src/googletest/include/gtest/gtest-message.h'
Lines executed:23.53% of 17
Branches executed:100.00% of 2
Taken at least once:50.00% of 2
Calls executed:16.67% of 12

File '/home/muhammad/SQE_A2/PX4-Autopilot-Testing/src/lib/matrix/matrix/Vector4.hpp'
Lines executed:100.00% of 7
No branches
Calls executed:100.00% of 3

File '/home/muhammad/SQE_A2/PX4-Autopilot-Testing/src/lib/matrix/matrix/Matrix.hpp'
Lines executed:100.00% of 184
Branches executed:100.00% of 122
Taken at least once:83.61% of 122
Calls executed:80.33% of 61

File '/home/muhammad/SQE_A2/PX4-Autopilot-Testing/build/px4_sitl_test/_deps/googletest-src/googletest/include/gtest/gtest.h'
Lines executed:47.27% of 55
Branches executed:21.43% of 84
Taken at least once:10.71% of 84
Calls executed:16.47% of 85

File '/home/muhammad/SQE_A2/PX4-Autopilot-Testing/build/px4_sitl_test/_deps/googletest-src/googletest/include/gtest/gtest-assertion-result.h'
Lines executed:12.00% of 25
Branches executed:0.00% of 40
Taken at least once:0.00% of 40
Calls executed:2.44% of 41

File '/home/muhammad/SQE_A2/PX4-Autopilot-Testing/src/lib/matrix/matrix/Quaternion.hpp'
Lines executed:88.24% of 102
Branches executed:96.97% of 66
Taken at least once:50.00% of 66
Calls executed:81.25% of 160

File '/home/muhammad/SQE_A2/PX4-Autopilot-Testing/src/lib/matrix/matrix/SquareMatrix.hpp'
Lines executed:100.00% of 15
Branches executed:100.00% of 8
Taken at least once:62.50% of 8
Calls executed:83.33% of 6

File '/home/muhammad/SQE_A2/PX4-Autopilot-Testing/src/lib/matrix/matrix/Slice.hpp'
Lines executed:100.00% of 16
Branches executed:100.00% of 10
Taken at least once:60.00% of 10
Calls executed:42.86% of 7

File '/usr/include/c++/13/bits/unique_ptr.h'
Lines executed:42.03% of 69
Branches executed:55.56% of 18
Taken at least once:27.78% of 18
Calls executed:31.37% of 51

File '/home/muhammad/SQE_A2/PX4-Autopilot-Testing/platforms/common/uORB/Publication.hpp'
Lines executed:100.00% of 63
Branches executed:100.00% of 28
Taken at least once:75.00% of 28
Calls executed:100.00% of 58

File '/usr/include/c++/13/initializer_list'
Lines executed:100.00% of 9
No branches
Calls executed:100.00% of 6

File '/home/muhammad/SQE_A2/PX4-Autopilot-Testing/src/lib/matrix/matrix/Euler.hpp'
Lines executed:87.10% of 31
Branches executed:100.00% of 12
Taken at least once:58.33% of 12
Calls executed:74.36% of 39

File '/home/muhammad/SQE_A2/PX4-Autopilot-Testing/src/lib/matrix/matrix/Vector3.hpp'
Lines executed:100.00% of 26
Branches executed:100.00% of 16
Taken at least once:50.00% of 16
Calls executed:100.00% of 29

File '/home/muhammad/SQE_A2/PX4-Autopilot-Testing/platforms/common/include/px4_platform_common/atomic.h'
Lines executed:100.00% of 12
No branches
No calls

File '/home/muhammad/SQE_A2/PX4-Autopilot-Testing/platforms/common/include/px4_platform_common/param.h'
Lines executed:100.00% of 78
No branches
Calls executed:100.00% of 60

File '/home/muhammad/SQE_A2/PX4-Autopilot-Testing/src/include/containers/List.hpp'
Lines executed:13.16% of 38
Branches executed:0.00% of 20
Taken at least once:0.00% of 20
Calls executed:16.67% of 18

File '/usr/include/c++/13/bits/move.h'
Lines executed:40.00% of 10
No branches
No calls

File '/usr/include/c++/13/bits/basic_string.tcc'
Lines executed:100.00% of 12
Branches executed:100.00% of 6
Taken at least once:66.67% of 6
Calls executed:88.89% of 9

File '/usr/include/c++/13/bits/stl_iterator_base_types.h'
Lines executed:100.00% of 1
No branches
No calls

File '/usr/include/c++/13/bits/stl_iterator_base_funcs.h'
Lines executed:100.00% of 3
No branches
No calls

File '/usr/include/c++/13/bits/basic_string.h'
Lines executed:87.50% of 8
Branches executed:100.00% of 6
Taken at least once:50.00% of 6
Calls executed:66.67% of 6

File '/usr/include/c++/13/bits/char_traits.h'
Lines executed:20.00% of 15
Branches executed:33.33% of 6
Taken at least once:16.67% of 6
Calls executed:33.33% of 3

File '/home/muhammad/SQE_A2/PX4-Autopilot-Testing/src/lib/mathlib/math/Limits.hpp'
Lines executed:100.00% of 6
Branches executed:100.00% of 6
Taken at least once:100.00% of 6
No calls

File '/home/muhammad/SQE_A2/PX4-Autopilot-Testing/src/lib/matrix/matrix/helper_functions.hpp'
Lines executed:63.64% of 11
Branches executed:100.00% of 4
Taken at least once:50.00% of 4
Calls executed:66.67% of 3

File '/home/muhammad/SQE_A2/PX4-Autopilot-Testing/src/lib/matrix/matrix/Dcm.hpp'
Lines executed:100.00% of 27
Branches executed:100.00% of 4
Taken at least once:50.00% of 4
Calls executed:100.00% of 16

File '/home/muhammad/SQE_A2/PX4-Autopilot-Testing/platforms/common/uORB/Subscription.hpp'
Lines executed:88.57% of 35
Branches executed:100.00% of 12
Taken at least once:75.00% of 12
Calls executed:87.50% of 16

File '/home/muhammad/SQE_A2/PX4-Autopilot-Testing/build/px4_sitl_test/uORB/topics/vehicle_local_position.h'
No executable lines
No branches
No calls

File '/home/muhammad/SQE_A2/PX4-Autopilot-Testing/build/px4_sitl_test/uORB/topics/vehicle_odometry.h'
No executable lines
No branches
No calls

File '/home/muhammad/SQE_A2/PX4-Autopilot-Testing/src/modules/attitude_estimator_q/attitude_estimator_q_main.cpp'
Lines executed:88.05% of 226
Branches executed:96.76% of 556
Taken at least once:62.23% of 556
Calls executed:89.33% of 300

File '/home/muhammad/SQE_A2/PX4-Autopilot-Testing/platforms/common/uORB/SubscriptionCallback.hpp'
Lines executed:60.00% of 35
Branches executed:38.46% of 26
Taken at least once:23.08% of 26
Calls executed:41.38% of 29

File '/home/muhammad/SQE_A2/PX4-Autopilot-Testing/platforms/common/uORB/SubscriptionInterval.hpp'
Lines executed:100.00% of 5
No branches
Calls executed:100.00% of 2

File '/home/muhammad/SQE_A2/PX4-Autopilot-Testing/platforms/common/include/px4_platform_common/px4_work_queue/WorkItem.hpp'
Lines executed:0.00% of 4
Branches executed:0.00% of 2
Taken at least once:0.00% of 2
Calls executed:0.00% of 1

File '/home/muhammad/SQE_A2/PX4-Autopilot-Testing/platforms/common/include/px4_platform_common/module_params.h'
Lines executed:76.19% of 21
Branches executed:71.43% of 14
Taken at least once:35.71% of 14
Calls executed:53.33% of 15

File '/home/muhammad/SQE_A2/PX4-Autopilot-Testing/src/lib/parameters/param.h'
Lines executed:100.00% of 6
Branches executed:100.00% of 4
Taken at least once:50.00% of 4
Calls executed:50.00% of 8

File '/home/muhammad/SQE_A2/PX4-Autopilot-Testing/platforms/common/include/px4_platform_common/defines.h'
Lines executed:100.00% of 1
No branches
No calls

File '/home/muhammad/SQE_A2/PX4-Autopilot-Testing/src/drivers/drv_hrt.h'
Lines executed:88.89% of 9
Branches executed:100.00% of 2
Taken at least once:50.00% of 2
Calls executed:100.00% of 1

File '/home/muhammad/SQE_A2/PX4-Autopilot-Testing/build/px4_sitl_test/_deps/googletest-src/googletest/include/gtest/internal/gtest-port.h'
Lines executed:0.00% of 1
No branches
No calls

File '/usr/include/c++/13/cmath'
Lines executed:87.50% of 16
No branches
No calls

File '/usr/include/c++/13/bits/ios_base.h'
Lines executed:0.00% of 6
No branches
No calls

File '/usr/include/c++/13/limits'
Lines executed:100.00% of 1
No branches
No calls

File '/usr/include/x86_64-linux-gnu/c++/13/bits/c++config.h'
Lines executed:100.00% of 2
No branches
No calls

Creating 'AttitudeEstimatorQTest.gcov.json.gz'
Lines executed:76.72% of 2135
