LandDetector excerpt from assignment_audit/merge_main/normal_execution.log.
Trailing whitespace removed; the original full log is retained there.

    Start 110: functional-LandDetector
110: Test command: /home/muhammad/SQE_A2/PX4-Autopilot-Testing/build/px4_sitl_test/functional-LandDetector
110: Working Directory: /home/muhammad/SQE_A2/PX4-Autopilot-Testing/build/px4_sitl_test/src/modules/land_detector
110: Test timeout computed to be: 30
110: ERROR [px4_work_queue] not running
110: ERROR [px4_work_queue] wq:lp_default not available
110: ERROR [px4_work_queue] init failed
110: [==========] Running 19 tests from 1 test suite.
110: [----------] Global test environment set-up.
110: [----------] 19 tests from LandDetectorFixture
110: [ RUN      ] LandDetectorFixture.GroundContactMCDC_ConditionA_Armed
110: ERROR [px4_work_queue] not running
110: ERROR [px4_work_queue] wq:nav_and_controllers not available
110: ERROR [px4_work_queue] init failed
110: [       OK ] LandDetectorFixture.GroundContactMCDC_ConditionA_Armed (0 ms)
110: [ RUN      ] LandDetectorFixture.GroundContactMCDC_ConditionB_CloseToGround
110: ERROR [px4_work_queue] not running
110: ERROR [px4_work_queue] wq:nav_and_controllers not available
110: ERROR [px4_work_queue] init failed
110: [       OK ] LandDetectorFixture.GroundContactMCDC_ConditionB_CloseToGround (0 ms)
110: [ RUN      ] LandDetectorFixture.GroundContactMCDC_ConditionC_LowThrottle
110: ERROR [px4_work_queue] not running
110: ERROR [px4_work_queue] wq:nav_and_controllers not available
110: ERROR [px4_work_queue] init failed
110: [       OK ] LandDetectorFixture.GroundContactMCDC_ConditionC_LowThrottle (0 ms)
110: [ RUN      ] LandDetectorFixture.GroundContactMCDC_ConditionD_HorizontalMovement
110: ERROR [px4_work_queue] not running
110: ERROR [px4_work_queue] wq:nav_and_controllers not available
110: ERROR [px4_work_queue] init failed
110: [       OK ] LandDetectorFixture.GroundContactMCDC_ConditionD_HorizontalMovement (0 ms)
110: [ RUN      ] LandDetectorFixture.GroundContactMCDC_ConditionE_VerticalMovement
110: ERROR [px4_work_queue] not running
110: ERROR [px4_work_queue] wq:nav_and_controllers not available
110: ERROR [px4_work_queue] init failed
110: [       OK ] LandDetectorFixture.GroundContactMCDC_ConditionE_VerticalMovement (0 ms)
110: [ RUN      ] LandDetectorFixture.MaybeLandedMCDC_ConditionA_Armed
110: ERROR [px4_work_queue] not running
110: ERROR [px4_work_queue] wq:nav_and_controllers not available
110: ERROR [px4_work_queue] init failed
110: [       OK ] LandDetectorFixture.MaybeLandedMCDC_ConditionA_Armed (0 ms)
110: [ RUN      ] LandDetectorFixture.MaybeLandedMCDC_ConditionB_MinThrust
110: ERROR [px4_work_queue] not running
110: ERROR [px4_work_queue] wq:nav_and_controllers not available
110: ERROR [px4_work_queue] init failed
110: [       OK ] LandDetectorFixture.MaybeLandedMCDC_ConditionB_MinThrust (0 ms)
110: [ RUN      ] LandDetectorFixture.MaybeLandedMCDC_ConditionC_NotFreefall
110: ERROR [px4_work_queue] not running
110: ERROR [px4_work_queue] wq:nav_and_controllers not available
110: ERROR [px4_work_queue] init failed
110: [       OK ] LandDetectorFixture.MaybeLandedMCDC_ConditionC_NotFreefall (0 ms)
110: [ RUN      ] LandDetectorFixture.MaybeLandedMCDC_ConditionE_VerticalEstimate
110: ERROR [px4_work_queue] not running
110: ERROR [px4_work_queue] wq:nav_and_controllers not available
110: ERROR [px4_work_queue] init failed
110: [       OK ] LandDetectorFixture.MaybeLandedMCDC_ConditionE_VerticalEstimate (0 ms)
110: [ RUN      ] LandDetectorFixture.MaybeLandedMCDC_ConditionF_GroundContactHysteresis
110: ERROR [px4_work_queue] not running
110: ERROR [px4_work_queue] wq:nav_and_controllers not available
110: ERROR [px4_work_queue] init failed
110: [       OK ] LandDetectorFixture.MaybeLandedMCDC_ConditionF_GroundContactHysteresis (0 ms)
110: [ RUN      ] LandDetectorFixture.MaybeLandedMCDC_ConditionG_MinThrust8sHysteresis
110: ERROR [px4_work_queue] not running
110: ERROR [px4_work_queue] wq:nav_and_controllers not available
110: ERROR [px4_work_queue] init failed
110: [       OK ] LandDetectorFixture.MaybeLandedMCDC_ConditionG_MinThrust8sHysteresis (0 ms)
110: [ RUN      ] LandDetectorFixture.MaybeLandedMCDC_ConditionD_NotRotating
110: ERROR [px4_work_queue] not running
110: ERROR [px4_work_queue] wq:nav_and_controllers not available
110: ERROR [px4_work_queue] init failed
110: [       OK ] LandDetectorFixture.MaybeLandedMCDC_ConditionD_NotRotating (0 ms)
110: [ RUN      ] LandDetectorFixture.GroundEffectMCDC_ConditionA_InDescend
110: ERROR [px4_work_queue] not running
110: ERROR [px4_work_queue] wq:nav_and_controllers not available
110: ERROR [px4_work_queue] init failed
110: [       OK ] LandDetectorFixture.GroundEffectMCDC_ConditionA_InDescend (0 ms)
110: [ RUN      ] LandDetectorFixture.GroundEffectMCDC_ConditionB_NoHorizontalMovement
110: ERROR [px4_work_queue] not running
110: ERROR [px4_work_queue] wq:nav_and_controllers not available
110: ERROR [px4_work_queue] init failed
110: [       OK ] LandDetectorFixture.GroundEffectMCDC_ConditionB_NoHorizontalMovement (0 ms)
110: [ RUN      ] LandDetectorFixture.GroundEffectMCDC_ConditionC_BelowGndHeight
110: ERROR [px4_work_queue] not running
110: ERROR [px4_work_queue] wq:nav_and_controllers not available
110: ERROR [px4_work_queue] init failed
110: [       OK ] LandDetectorFixture.GroundEffectMCDC_ConditionC_BelowGndHeight (0 ms)
110: [ RUN      ] LandDetectorFixture.GroundEffectMCDC_ConditionD_TakeoffStateFlight
110: ERROR [px4_work_queue] not running
110: ERROR [px4_work_queue] wq:nav_and_controllers not available
110: ERROR [px4_work_queue] init failed
110: [       OK ] LandDetectorFixture.GroundEffectMCDC_ConditionD_TakeoffStateFlight (0 ms)
110: [ RUN      ] LandDetectorFixture.GroundEffectMCDC_ConditionE_TakeoffRampup
110: ERROR [px4_work_queue] not running
110: ERROR [px4_work_queue] wq:nav_and_controllers not available
110: ERROR [px4_work_queue] init failed
110: [       OK ] LandDetectorFixture.GroundEffectMCDC_ConditionE_TakeoffRampup (0 ms)
110: [ RUN      ] LandDetectorFixture.Freefall_AccelThresholdBoundary
110: ERROR [px4_work_queue] not running
110: ERROR [px4_work_queue] wq:nav_and_controllers not available
110: ERROR [px4_work_queue] init failed
110: [       OK ] LandDetectorFixture.Freefall_AccelThresholdBoundary (0 ms)
110: [ RUN      ] LandDetectorFixture.Landed_StateTransitions
110: ERROR [px4_work_queue] not running
110: ERROR [px4_work_queue] wq:nav_and_controllers not available
110: ERROR [px4_work_queue] init failed
110: [       OK ] LandDetectorFixture.Landed_StateTransitions (0 ms)
110: [----------] 19 tests from LandDetectorFixture (5 ms total)
110:
110: [----------] Global test environment tear-down
110: [==========] 19 tests from 1 test suite ran. (5 ms total)
110: [  PASSED  ] 19 tests.
5/5 Test #110: functional-LandDetector ..........   Passed    0.03 sec
	functional-LandDetector
