ERROR [px4_work_queue] not running
ERROR [px4_work_queue] wq:lp_default not available
ERROR [px4_work_queue] init failed
[==========] Running 47 tests from 1 test suite.
[----------] Global test environment set-up.
[----------] 47 tests from LandDetectorFixture
[ RUN      ] LandDetectorFixture.GroundContactMCDC_ConditionA_Armed
[       OK ] LandDetectorFixture.GroundContactMCDC_ConditionA_Armed (0 ms)
[ RUN      ] LandDetectorFixture.GroundContactMCDC_ConditionB_CloseToGround
[       OK ] LandDetectorFixture.GroundContactMCDC_ConditionB_CloseToGround (1 ms)
[ RUN      ] LandDetectorFixture.GroundContactMCDC_ConditionC_LowThrottle
[       OK ] LandDetectorFixture.GroundContactMCDC_ConditionC_LowThrottle (1 ms)
[ RUN      ] LandDetectorFixture.GroundContactMCDC_ConditionD_HorizontalMovement
[       OK ] LandDetectorFixture.GroundContactMCDC_ConditionD_HorizontalMovement (1 ms)
[ RUN      ] LandDetectorFixture.GroundContactMCDC_ConditionE_VerticalMovement
[       OK ] LandDetectorFixture.GroundContactMCDC_ConditionE_VerticalMovement (1 ms)
[ RUN      ] LandDetectorFixture.MaybeLandedMCDC_ConditionA_Armed
[       OK ] LandDetectorFixture.MaybeLandedMCDC_ConditionA_Armed (1 ms)
[ RUN      ] LandDetectorFixture.MaybeLandedMCDC_ConditionB_MinThrust
[       OK ] LandDetectorFixture.MaybeLandedMCDC_ConditionB_MinThrust (1 ms)
[ RUN      ] LandDetectorFixture.MaybeLandedMCDC_ConditionC_NotFreefall
[       OK ] LandDetectorFixture.MaybeLandedMCDC_ConditionC_NotFreefall (1 ms)
[ RUN      ] LandDetectorFixture.MaybeLandedMCDC_ConditionE_VerticalEstimate
[       OK ] LandDetectorFixture.MaybeLandedMCDC_ConditionE_VerticalEstimate (1 ms)
[ RUN      ] LandDetectorFixture.MaybeLandedMCDC_ConditionF_GroundContactHysteresis
[       OK ] LandDetectorFixture.MaybeLandedMCDC_ConditionF_GroundContactHysteresis (1 ms)
[ RUN      ] LandDetectorFixture.MaybeLandedMCDC_ConditionG_MinThrust8sHysteresis
[       OK ] LandDetectorFixture.MaybeLandedMCDC_ConditionG_MinThrust8sHysteresis (1 ms)
[ RUN      ] LandDetectorFixture.MaybeLandedMCDC_ConditionD_NotRotating
[       OK ] LandDetectorFixture.MaybeLandedMCDC_ConditionD_NotRotating (1 ms)
[ RUN      ] LandDetectorFixture.GroundEffectMCDC_ConditionA_InDescend
[       OK ] LandDetectorFixture.GroundEffectMCDC_ConditionA_InDescend (1 ms)
[ RUN      ] LandDetectorFixture.GroundEffectMCDC_ConditionB_NoHorizontalMovement
[       OK ] LandDetectorFixture.GroundEffectMCDC_ConditionB_NoHorizontalMovement (1 ms)
[ RUN      ] LandDetectorFixture.GroundEffectMCDC_ConditionC_BelowGndHeight
[       OK ] LandDetectorFixture.GroundEffectMCDC_ConditionC_BelowGndHeight (1 ms)
[ RUN      ] LandDetectorFixture.GroundEffectMCDC_ConditionD_TakeoffStateFlight
[       OK ] LandDetectorFixture.GroundEffectMCDC_ConditionD_TakeoffStateFlight (1 ms)
[ RUN      ] LandDetectorFixture.GroundEffectMCDC_ConditionE_TakeoffRampup
[       OK ] LandDetectorFixture.GroundEffectMCDC_ConditionE_TakeoffRampup (1 ms)
[ RUN      ] LandDetectorFixture.MCDC_D4_VerticalVelocityFallback_A_VzValid
[       OK ] LandDetectorFixture.MCDC_D4_VerticalVelocityFallback_A_VzValid (1 ms)
[ RUN      ] LandDetectorFixture.MCDC_D4_VerticalVelocityFallback_B_VzLow
[       OK ] LandDetectorFixture.MCDC_D4_VerticalVelocityFallback_B_VzLow (1 ms)
[ RUN      ] LandDetectorFixture.MCDC_D4_VerticalVelocityFallback_C_ZValid
[       OK ] LandDetectorFixture.MCDC_D4_VerticalVelocityFallback_C_ZValid (1 ms)
[ RUN      ] LandDetectorFixture.MCDC_D4_VerticalVelocityFallback_D_ZDerivLow
[       OK ] LandDetectorFixture.MCDC_D4_VerticalVelocityFallback_D_ZDerivLow (1 ms)
[ RUN      ] LandDetectorFixture.MCDC_D5_HorizontalPosition_A_LposAvailable
[       OK ] LandDetectorFixture.MCDC_D5_HorizontalPosition_A_LposAvailable (1 ms)
[ RUN      ] LandDetectorFixture.MCDC_D5_HorizontalPosition_B_VxyValid
[       OK ] LandDetectorFixture.MCDC_D5_HorizontalPosition_B_VxyValid (1 ms)
[ RUN      ] LandDetectorFixture.MCDC_D5_HorizontalPosition_C_VxyHigh
[       OK ] LandDetectorFixture.MCDC_D5_HorizontalPosition_C_VxyHigh (1 ms)
[ RUN      ] LandDetectorFixture.MCDC_D6_GroundEffectEligibility_A_LposAvailable
[       OK ] LandDetectorFixture.MCDC_D6_GroundEffectEligibility_A_LposAvailable (1 ms)
[ RUN      ] LandDetectorFixture.MCDC_D6_GroundEffectEligibility_B_DistBottomValid
[       OK ] LandDetectorFixture.MCDC_D6_GroundEffectEligibility_B_DistBottomValid (1 ms)
[ RUN      ] LandDetectorFixture.MCDC_D6_GroundEffectEligibility_D_DistBelowThresh
[       OK ] LandDetectorFixture.MCDC_D6_GroundEffectEligibility_D_DistBelowThresh (1 ms)
[ RUN      ] LandDetectorFixture.MCDC_D7_HoverThrustRetention_A_NotInDescend
[       OK ] LandDetectorFixture.MCDC_D7_HoverThrustRetention_A_NotInDescend (1 ms)
[ RUN      ] LandDetectorFixture.MCDC_D7_HoverThrustRetention_B_HoverThrustValid
[       OK ] LandDetectorFixture.MCDC_D7_HoverThrustRetention_B_HoverThrustValid (1 ms)
[ RUN      ] LandDetectorFixture.MCDC_D8_CommandedDescent_A_IsFinite
[       OK ] LandDetectorFixture.MCDC_D8_CommandedDescent_A_IsFinite (1 ms)
[ RUN      ] LandDetectorFixture.MCDC_D8_CommandedDescent_B_AboveThresh
[       OK ] LandDetectorFixture.MCDC_D8_CommandedDescent_B_AboveThresh (1 ms)
[ RUN      ] LandDetectorFixture.MCDC_D9_LandedStateGating_A_NotMaybeLanded
[       OK ] LandDetectorFixture.MCDC_D9_LandedStateGating_A_NotMaybeLanded (1 ms)
[ RUN      ] LandDetectorFixture.MCDC_D9_LandedStateGating_B_NotLanded
[       OK ] LandDetectorFixture.MCDC_D9_LandedStateGating_B_NotLanded (1 ms)
[ RUN      ] LandDetectorFixture.MCDC_D10_DistanceCheck_A_CloseToGround
[       OK ] LandDetectorFixture.MCDC_D10_DistanceCheck_A_CloseToGround (1 ms)
[ RUN      ] LandDetectorFixture.MCDC_D10_DistanceCheck_B_NotObservable
[       OK ] LandDetectorFixture.MCDC_D10_DistanceCheck_B_NotObservable (1 ms)
[ RUN      ] LandDetectorFixture.MCDC_D10_DistanceCheck_C_NotValid
[       OK ] LandDetectorFixture.MCDC_D10_DistanceCheck_C_NotValid (1 ms)
[ RUN      ] LandDetectorFixture.MCDC_D11_VerticalEstimate_A_LocalPosUpdated
[       OK ] LandDetectorFixture.MCDC_D11_VerticalEstimate_A_LocalPosUpdated (1 ms)
[ RUN      ] LandDetectorFixture.MCDC_D11_VerticalEstimate_B_VzValid
[       OK ] LandDetectorFixture.MCDC_D11_VerticalEstimate_B_VzValid (1 ms)
[ RUN      ] LandDetectorFixture.Boundary_FreefallAcceleration
[       OK ] LandDetectorFixture.Boundary_FreefallAcceleration (1 ms)
[ RUN      ] LandDetectorFixture.Boundary_VerticalVelocity
[       OK ] LandDetectorFixture.Boundary_VerticalVelocity (1 ms)
[ RUN      ] LandDetectorFixture.Boundary_HorizontalVelocity
[       OK ] LandDetectorFixture.Boundary_HorizontalVelocity (1 ms)
[ RUN      ] LandDetectorFixture.Boundary_RotationRate
[       OK ] LandDetectorFixture.Boundary_RotationRate (1 ms)
[ RUN      ] LandDetectorFixture.Boundary_GroundEffectDistance
[       OK ] LandDetectorFixture.Boundary_GroundEffectDistance (1 ms)
[ RUN      ] LandDetectorFixture.Boundary_CloseToGroundDistance
[       OK ] LandDetectorFixture.Boundary_CloseToGroundDistance (1 ms)
[ RUN      ] LandDetectorFixture.Boundary_PositionStaleness
[       OK ] LandDetectorFixture.Boundary_PositionStaleness (1 ms)
[ RUN      ] LandDetectorFixture.Boundary_Thrust
[       OK ] LandDetectorFixture.Boundary_Thrust (1 ms)
[ RUN      ] LandDetectorFixture.Landed_StateTransitions
[       OK ] LandDetectorFixture.Landed_StateTransitions (1 ms)
[----------] 47 tests from LandDetectorFixture (66 ms total)

[----------] Global test environment tear-down
[==========] 47 tests from 1 test suite ran. (79 ms total)
[  PASSED  ] 47 tests.
