[0/1] Re-running CMake...
fatal: No names found, cannot describe anything.
-- PX4_GIT_TAG: v0.0.0
CMake Warning (dev) at CMakeLists.txt:176 (find_package):
  Policy CMP0148 is not set: The FindPythonInterp and FindPythonLibs modules
  are removed.  Run "cmake --help-policy CMP0148" for policy details.  Use
  the cmake_policy command to set the policy and suppress this warning.

This warning is for project developers.  Use -Wno-dev to suppress it.

-- PX4 config file: /home/muhammad/SQE_A2/PX4-Autopilot-Testing/boards/px4/sitl/test.px4board
-- PLATFORM posix
-- NOLOCKSTEP y
-- ROMFSROOT px4fmu_common
-- TESTING y
-- ETHERNET y
-- ROOT_PATH .
-- PARAM_FILE /fs/mtd_params
-- PX4 config: px4_sitl_test
-- PX4 platform: posix
-- PX4 lockstep: disabled
-- cmake build type: Coverage
-- Building for code coverage
-- Coverage instrumentation enabled with flags: --coverage;-fprofile-update=atomic
-- Adding fuzztest
CMake Warning at build/px4_sitl_test/_deps/abseil-cpp-src/CMakeLists.txt:177 (message):
    The default and system-level install directories are unsupported except in LTS   releases of Abseil.  Please set CMAKE_INSTALL_PREFIX to install Abseil in your   source or build tree directly.    


-- Building without demo. To enable demo build use: -DWITH_DEMO=True
-- ADDING TEST STUBS
-- Could NOT find gz-transport (missing: gz-transport_DIR)
-- Gazebo simulation bridge module disabled: missing dependencies
-- Could NOT find Protobuf (missing: Protobuf_LIBRARIES Protobuf_INCLUDE_DIR) 
-- Could NOT find gz-transport (missing: gz-transport_DIR)
-- Could NOT find gz-sim (missing: gz-sim_DIR)
-- Could NOT find gz-sensors (missing: gz-sensors_DIR)
-- Could NOT find gz-plugin (missing: gz-plugin_DIR)
-- Could NOT find Java (missing: Java_JAVA_EXECUTABLE Java_JAR_EXECUTABLE Java_JAVAC_EXECUTABLE Java_JAVAH_EXECUTABLE Java_JAVADOC_EXECUTABLE) 
-- ROMFS: ROMFS/px4fmu_common
Architecture:  amd64
==> CPACK_INSTALL_PREFIX = @DEB_INSTALL_PREFIX@
-- Configuring done (11.4s)
-- Generating done (1.4s)
-- Build files have been written to: /home/muhammad/SQE_A2/PX4-Autopilot-Testing/build/px4_sitl_test
[1/72] Generating serial_params.c
[2/72] Generating parameters.xml
[3/72] Generating px4_parameters.hpp
[4/72] Building CXX object src/lib/battery/CMakeFiles/functional-Battery.dir/__/__/modules/battery_status/analog_battery.cpp.o
[5/72] Building CXX object src/lib/battery/CMakeFiles/battery.dir/battery.cpp.o
[6/72] Building CXX object src/lib/drivers/device/CMakeFiles/drivers__device.dir/CDev.cpp.o
[7/72] Building CXX object src/lib/drivers/device/CMakeFiles/drivers__device.dir/posix/I2C.cpp.o
[8/72] Building CXX object src/lib/drivers/device/CMakeFiles/drivers__device.dir/posix/SPI.cpp.o
[9/72] Building CXX object src/lib/collision_prevention/CMakeFiles/CollisionPrevention.dir/CollisionPrevention.cpp.o
[10/72] Building CXX object src/lib/stick_yaw/CMakeFiles/StickYaw.dir/StickYaw.cpp.o
[11/72] Building CXX object src/lib/sticks/CMakeFiles/Sticks.dir/Sticks.cpp.o
[12/72] Building CXX object src/lib/weather_vane/CMakeFiles/WeatherVane.dir/WeatherVane.cpp.o
[13/72] Building CXX object src/modules/flight_mode_manager/CMakeFiles/modules__flight_mode_manager.dir/FlightModeManager.cpp.o
[14/72] Building CXX object src/modules/flight_mode_manager/CMakeFiles/modules__flight_mode_manager.dir/FlightTasks_generated.cpp.o
[15/72] Building CXX object src/modules/flight_mode_manager/CMakeFiles/functional-FlightModeManager.dir/__/__/lib/geo/geo.cpp.o
[16/72] Building CXX object src/modules/flight_mode_manager/tasks/FlightTask/CMakeFiles/FlightTask.dir/FlightTask.cpp.o
[17/72] Building CXX object src/modules/flight_mode_manager/tasks/Utility/CMakeFiles/FlightTaskUtility.dir/StickAccelerationXY.cpp.o
[18/72] Building CXX object src/modules/flight_mode_manager/tasks/Utility/CMakeFiles/FlightTaskUtility.dir/StickTiltXY.cpp.o
[19/72] Building CXX object src/lib/battery/CMakeFiles/functional-Battery.dir/BatteryTest.cpp.o
[20/72] Building CXX object src/modules/flight_mode_manager/tasks/Utility/CMakeFiles/FlightTaskUtility.dir/Gimbal.cpp.o
[21/72] Building CXX object src/modules/flight_mode_manager/tasks/Descend/CMakeFiles/FlightTaskDescend.dir/FlightTaskDescend.cpp.o
[22/72] Building CXX object src/modules/flight_mode_manager/tasks/Auto/CMakeFiles/FlightTaskAuto.dir/FlightTaskAuto.cpp.o
[23/72] Building CXX object src/modules/flight_mode_manager/tasks/Failsafe/CMakeFiles/FlightTaskFailsafe.dir/FlightTaskFailsafe.cpp.o
[24/72] Building CXX object src/modules/flight_mode_manager/tasks/ManualAcceleration/CMakeFiles/FlightTaskManualAcceleration.dir/FlightTaskManualAcceleration.cpp.o
[25/72] Building CXX object src/modules/flight_mode_manager/tasks/ManualAccelerationSlow/CMakeFiles/FlightTaskManualAccelerationSlow.dir/FlightTaskManualAccelerationSlow.cpp.o
[26/72] Building CXX object src/modules/flight_mode_manager/CMakeFiles/functional-FlightModeManager.dir/FlightModeManagerTest.cpp.o
[27/72] Building CXX object src/modules/flight_mode_manager/tasks/ManualAltitude/CMakeFiles/FlightTaskManualAltitude.dir/FlightTaskManualAltitude.cpp.o
[28/72] Building CXX object src/modules/flight_mode_manager/tasks/ManualAltitudeSmoothVel/CMakeFiles/FlightTaskManualAltitudeSmoothVel.dir/FlightTaskManualAltitudeSmoothVel.cpp.o
[29/72] Building CXX object src/modules/attitude_estimator_q/CMakeFiles/functional-AttitudeEstimatorQ.dir/AttitudeEstimatorQTest.cpp.o
[30/72] Building CXX object src/modules/flight_mode_manager/tasks/ManualPosition/CMakeFiles/FlightTaskManualPosition.dir/FlightTaskManualPosition.cpp.o
[31/72] Building CXX object src/modules/flight_mode_manager/tasks/Transition/CMakeFiles/FlightTaskTransition.dir/FlightTaskTransition.cpp.o
[32/72] Building CXX object src/modules/flight_mode_manager/tasks/AltitudeCruise/CMakeFiles/FlightTaskAltitudeCruise.dir/FlightTaskAltitudeCruise.cpp.o
[33/72] Building CXX object src/modules/flight_mode_manager/tasks/AutoFollowTarget/follow_target_estimator/CMakeFiles/follow_target_estimator.dir/TargetEstimator.cpp.o
[34/72] Building CXX object src/modules/land_detector/CMakeFiles/modules__land_detector.dir/land_detector_main.cpp.o
[35/72] Building CXX object src/modules/flight_mode_manager/tasks/AutoFollowTarget/CMakeFiles/FlightTaskAutoFollowTarget.dir/FlightTaskAutoFollowTarget.cpp.o
[36/72] Building CXX object src/modules/land_detector/CMakeFiles/modules__land_detector.dir/LandDetector.cpp.o
[37/72] Building CXX object src/modules/flight_mode_manager/tasks/Orbit/CMakeFiles/FlightTaskOrbit.dir/FlightTaskOrbit.cpp.o
[38/72] Building CXX object src/modules/land_detector/CMakeFiles/modules__land_detector.dir/MulticopterLandDetector.cpp.o
[39/72] Building CXX object src/modules/land_detector/CMakeFiles/modules__land_detector.dir/FixedwingLandDetector.cpp.o
[40/72] Building CXX object src/modules/land_detector/CMakeFiles/modules__land_detector.dir/VtolLandDetector.cpp.o
[41/72] Building CXX object src/modules/land_detector/CMakeFiles/modules__land_detector.dir/RoverLandDetector.cpp.o
[42/72] Building CXX object src/modules/land_detector/CMakeFiles/modules__land_detector.dir/AirshipLandDetector.cpp.o
[43/72] Building CXX object src/lib/parameters/CMakeFiles/parameters.dir/parameters.cpp.o
[44/72] Linking CXX static library src/lib/parameters/libparameters.a
[45/72] Linking CXX static library src/lib/drivers/device/libdrivers__device.a
[46/72] Linking CXX static library src/lib/battery/libbattery.a
[47/72] Linking CXX static library src/lib/collision_prevention/libCollisionPrevention.a
[48/72] Linking CXX static library src/lib/sticks/libSticks.a
[49/72] Linking CXX static library src/lib/stick_yaw/libStickYaw.a
[50/72] Linking CXX static library src/lib/weather_vane/libWeatherVane.a
[51/72] Linking CXX static library src/modules/flight_mode_manager/tasks/FlightTask/libFlightTask.a
[52/72] Linking CXX static library src/modules/flight_mode_manager/tasks/Utility/libFlightTaskUtility.a
[53/72] Linking CXX static library src/modules/flight_mode_manager/tasks/Auto/libFlightTaskAuto.a
[54/72] Linking CXX static library src/modules/flight_mode_manager/tasks/Descend/libFlightTaskDescend.a
[55/72] Linking CXX static library src/modules/flight_mode_manager/tasks/Failsafe/libFlightTaskFailsafe.a
[56/72] Linking CXX static library src/modules/flight_mode_manager/tasks/ManualAltitude/libFlightTaskManualAltitude.a
[57/72] Linking CXX static library src/modules/flight_mode_manager/tasks/ManualAltitudeSmoothVel/libFlightTaskManualAltitudeSmoothVel.a
[58/72] Linking CXX static library src/modules/flight_mode_manager/tasks/ManualAcceleration/libFlightTaskManualAcceleration.a
[59/72] Linking CXX static library src/modules/flight_mode_manager/tasks/ManualAccelerationSlow/libFlightTaskManualAccelerationSlow.a
[60/72] Linking CXX static library src/modules/flight_mode_manager/tasks/ManualPosition/libFlightTaskManualPosition.a
[61/72] Linking CXX static library src/modules/flight_mode_manager/tasks/Transition/libFlightTaskTransition.a
[62/72] Linking CXX static library src/modules/flight_mode_manager/tasks/AltitudeCruise/libFlightTaskAltitudeCruise.a
[63/72] Linking CXX static library src/modules/flight_mode_manager/tasks/AutoFollowTarget/follow_target_estimator/libfollow_target_estimator.a
[64/72] Linking CXX static library src/modules/flight_mode_manager/tasks/AutoFollowTarget/libFlightTaskAutoFollowTarget.a
[65/72] Linking CXX static library src/modules/flight_mode_manager/tasks/Orbit/libFlightTaskOrbit.a
[66/72] Linking CXX static library src/modules/flight_mode_manager/libmodules__flight_mode_manager.a
[67/72] Linking CXX executable functional-AttitudeEstimatorQ
[68/72] Linking CXX executable functional-Battery
[69/72] Linking CXX static library src/modules/land_detector/libmodules__land_detector.a
[70/72] Linking CXX executable functional-FlightModeManager
[71/72] Building CXX object src/modules/land_detector/CMakeFiles/functional-LandDetector.dir/LandDetectorTest.cpp.o
[72/72] Linking CXX executable functional-LandDetector
