Capturing coverage data from /tmp/sqe-assignment-audit/normal/profiles
geninfo cmd: '/usr/bin/geninfo /tmp/sqe-assignment-audit/normal/profiles --output-filename /tmp/sqe-assignment-audit/fresh_normal.info --ignore-errors mismatch --include */src/lib/hysteresis/hysteresis.cpp --include */src/modules/attitude_estimator_q/attitude_estimator_q_main.cpp --include */src/modules/land_detector/MulticopterLandDetector.cpp --include */src/lib/battery/battery.cpp --include */src/modules/battery_status/analog_battery.cpp --include */src/modules/flight_mode_manager/FlightModeManager.cpp --memory 0 --branch-coverage'
Found gcov version: 13.3.0
Using intermediate gcov format
Writing temporary data to /tmp/geninfo_dat1N43
Scanning /tmp/sqe-assignment-audit/normal/profiles for .gcda files ...
Found 485 data files in /tmp/sqe-assignment-audit/normal/profiles
Processing /tmp/sqe-assignment-audit/normal/profiles/home/muhammad/SQE_A2/PX4-Autopilot-Testing/build/px4_sitl_test/boards/px4/sitl/src/CMakeFiles/drivers_board.dir/board_shutdown.cpp.gcda
Processing /tmp/sqe-assignment-audit/normal/profiles/home/muhammad/SQE_A2/PX4-Autopilot-Testing/build/px4_sitl_test/platforms/common/uORB/CMakeFiles/uORB.dir/uORBUtils.cpp.gcda
Processing /tmp/sqe-assignment-audit/normal/profiles/home/muhammad/SQE_A2/PX4-Autopilot-Testing/build/px4_sitl_test/platforms/common/uORB/CMakeFiles/uORB.dir/uORBManager.cpp.gcda
Processing /tmp/sqe-assignment-audit/normal/profiles/home/muhammad/SQE_A2/PX4-Autopilot-Testing/build/px4_sitl_test/platforms/common/uORB/CMakeFiles/uORB.dir/SubscriptionInterval.cpp.gcda
Processing /tmp/sqe-assignment-audit/normal/profiles/home/muhammad/SQE_A2/PX4-Autopilot-Testing/build/px4_sitl_test/platforms/common/uORB/CMakeFiles/uORB.dir/uORBMessageFields.cpp.gcda
Processing /tmp/sqe-assignment-audit/normal/profiles/home/muhammad/SQE_A2/PX4-Autopilot-Testing/build/px4_sitl_test/platforms/common/uORB/CMakeFiles/uORB.dir/uORB.cpp.gcda
Processing /tmp/sqe-assignment-audit/normal/profiles/home/muhammad/SQE_A2/PX4-Autopilot-Testing/build/px4_sitl_test/platforms/common/uORB/CMakeFiles/uORB.dir/uORBDeviceMaster.cpp.gcda
Processing /tmp/sqe-assignment-audit/normal/profiles/home/muhammad/SQE_A2/PX4-Autopilot-Testing/build/px4_sitl_test/platforms/common/uORB/CMakeFiles/uORB.dir/Subscription.cpp.gcda
Processing /tmp/sqe-assignment-audit/normal/profiles/home/muhammad/SQE_A2/PX4-Autopilot-Testing/build/px4_sitl_test/platforms/common/uORB/CMakeFiles/uORB.dir/uORBDeviceNode.cpp.gcda
Processing /tmp/sqe-assignment-audit/normal/profiles/home/muhammad/SQE_A2/PX4-Autopilot-Testing/build/px4_sitl_test/platforms/common/work_queue/CMakeFiles/work_queue.dir/dq_addlast.c.gcda
Processing /tmp/sqe-assignment-audit/normal/profiles/home/muhammad/SQE_A2/PX4-Autopilot-Testing/build/px4_sitl_test/platforms/common/work_queue/CMakeFiles/work_queue.dir/work_queue.c.gcda
Processing /tmp/sqe-assignment-audit/normal/profiles/home/muhammad/SQE_A2/PX4-Autopilot-Testing/build/px4_sitl_test/platforms/common/work_queue/CMakeFiles/work_queue.dir/hrt_thread.c.gcda
Processing /tmp/sqe-assignment-audit/normal/profiles/home/muhammad/SQE_A2/PX4-Autopilot-Testing/build/px4_sitl_test/platforms/common/work_queue/CMakeFiles/work_queue.dir/hrt_queue.c.gcda
Processing /tmp/sqe-assignment-audit/normal/profiles/home/muhammad/SQE_A2/PX4-Autopilot-Testing/build/px4_sitl_test/platforms/common/work_queue/CMakeFiles/work_queue.dir/work_thread.c.gcda
Processing /tmp/sqe-assignment-audit/normal/profiles/home/muhammad/SQE_A2/PX4-Autopilot-Testing/build/px4_sitl_test/platforms/common/work_queue/CMakeFiles/work_queue.dir/sq_addafter.c.gcda
Processing /tmp/sqe-assignment-audit/normal/profiles/home/muhammad/SQE_A2/PX4-Autopilot-Testing/build/px4_sitl_test/platforms/common/work_queue/CMakeFiles/work_queue.dir/sq_addlast.c.gcda
Processing /tmp/sqe-assignment-audit/normal/profiles/home/muhammad/SQE_A2/PX4-Autopilot-Testing/build/px4_sitl_test/platforms/common/work_queue/CMakeFiles/work_queue.dir/dq_rem.c.gcda
Processing /tmp/sqe-assignment-audit/normal/profiles/home/muhammad/SQE_A2/PX4-Autopilot-Testing/build/px4_sitl_test/platforms/common/work_queue/CMakeFiles/work_queue.dir/work_lock.c.gcda
Processing /tmp/sqe-assignment-audit/normal/profiles/home/muhammad/SQE_A2/PX4-Autopilot-Testing/build/px4_sitl_test/platforms/common/work_queue/CMakeFiles/work_queue.dir/hrt_work_cancel.c.gcda
Processing /tmp/sqe-assignment-audit/normal/profiles/home/muhammad/SQE_A2/PX4-Autopilot-Testing/build/px4_sitl_test/platforms/common/work_queue/CMakeFiles/work_queue.dir/queue.c.gcda
Processing /tmp/sqe-assignment-audit/normal/profiles/home/muhammad/SQE_A2/PX4-Autopilot-Testing/build/px4_sitl_test/platforms/common/CMakeFiles/px4_platform.dir/shutdown.cpp.gcda
Processing /tmp/sqe-assignment-audit/normal/profiles/home/muhammad/SQE_A2/PX4-Autopilot-Testing/build/px4_sitl_test/platforms/common/CMakeFiles/px4_platform.dir/px4_log.cpp.gcda
Processing /tmp/sqe-assignment-audit/normal/profiles/home/muhammad/SQE_A2/PX4-Autopilot-Testing/build/px4_sitl_test/platforms/common/CMakeFiles/px4_platform.dir/module.cpp.gcda
Processing /tmp/sqe-assignment-audit/normal/profiles/home/muhammad/SQE_A2/PX4-Autopilot-Testing/build/px4_sitl_test/platforms/common/CMakeFiles/px4_platform.dir/external_reset_lockout.cpp.gcda
Processing /tmp/sqe-assignment-audit/normal/profiles/home/muhammad/SQE_A2/PX4-Autopilot-Testing/build/px4_sitl_test/platforms/common/px4_work_queue/CMakeFiles/px4_work_queue.dir/WorkQueueManager.cpp.gcda
Processing /tmp/sqe-assignment-audit/normal/profiles/home/muhammad/SQE_A2/PX4-Autopilot-Testing/build/px4_sitl_test/platforms/common/px4_work_queue/CMakeFiles/px4_work_queue.dir/ScheduledWorkItem.cpp.gcda
Processing /tmp/sqe-assignment-audit/normal/profiles/home/muhammad/SQE_A2/PX4-Autopilot-Testing/build/px4_sitl_test/platforms/common/px4_work_queue/CMakeFiles/px4_work_queue.dir/WorkQueue.cpp.gcda
Processing /tmp/sqe-assignment-audit/normal/profiles/home/muhammad/SQE_A2/PX4-Autopilot-Testing/build/px4_sitl_test/platforms/common/px4_work_queue/CMakeFiles/px4_work_queue.dir/WorkItem.cpp.gcda
Processing /tmp/sqe-assignment-audit/normal/profiles/home/muhammad/SQE_A2/PX4-Autopilot-Testing/build/px4_sitl_test/platforms/posix/src/px4/common/CMakeFiles/px4_layer.dir/px4_posix_impl.cpp.gcda
Processing /tmp/sqe-assignment-audit/normal/profiles/home/muhammad/SQE_A2/PX4-Autopilot-Testing/build/px4_sitl_test/platforms/posix/src/px4/common/CMakeFiles/px4_layer.dir/lib_crc32.c.gcda
Processing /tmp/sqe-assignment-audit/normal/profiles/home/muhammad/SQE_A2/PX4-Autopilot-Testing/build/px4_sitl_test/platforms/posix/src/px4/common/CMakeFiles/px4_layer.dir/px4_init.cpp.gcda
Processing /tmp/sqe-assignment-audit/normal/profiles/home/muhammad/SQE_A2/PX4-Autopilot-Testing/build/px4_sitl_test/platforms/posix/src/px4/common/CMakeFiles/px4_layer.dir/px4_sem.cpp.gcda
Processing /tmp/sqe-assignment-audit/normal/profiles/home/muhammad/SQE_A2/PX4-Autopilot-Testing/build/px4_sitl_test/platforms/posix/src/px4/common/CMakeFiles/px4_layer.dir/tasks.cpp.gcda
Processing /tmp/sqe-assignment-audit/normal/profiles/home/muhammad/SQE_A2/PX4-Autopilot-Testing/build/px4_sitl_test/platforms/posix/src/px4/common/CMakeFiles/px4_layer.dir/drv_hrt.cpp.gcda
Processing /tmp/sqe-assignment-audit/normal/profiles/home/muhammad/SQE_A2/PX4-Autopilot-Testing/build/px4_sitl_test/platforms/posix/src/px4/common/gtest_runner/CMakeFiles/gtest_functional_main.dir/gtest_functional_main.cpp.gcda
Processing /tmp/sqe-assignment-audit/normal/profiles/home/muhammad/SQE_A2/PX4-Autopilot-Testing/build/px4_sitl_test/platforms/posix/src/px4/common/px4_daemon/CMakeFiles/px4_daemon.dir/server.cpp.gcda
Processing /tmp/sqe-assignment-audit/normal/profiles/home/muhammad/SQE_A2/PX4-Autopilot-Testing/build/px4_sitl_test/platforms/posix/src/px4/common/px4_daemon/CMakeFiles/px4_daemon.dir/pxh.cpp.gcda
Processing /tmp/sqe-assignment-audit/normal/profiles/home/muhammad/SQE_A2/PX4-Autopilot-Testing/build/px4_sitl_test/platforms/posix/src/px4/common/px4_daemon/CMakeFiles/px4_daemon.dir/sock_protocol.cpp.gcda
Processing /tmp/sqe-assignment-audit/normal/profiles/home/muhammad/SQE_A2/PX4-Autopilot-Testing/build/px4_sitl_test/platforms/posix/src/px4/common/px4_daemon/CMakeFiles/px4_daemon.dir/server_io.cpp.gcda
Processing /tmp/sqe-assignment-audit/normal/profiles/home/muhammad/SQE_A2/PX4-Autopilot-Testing/build/px4_sitl_test/platforms/posix/src/px4/common/px4_daemon/CMakeFiles/px4_daemon.dir/history.cpp.gcda
Processing /tmp/sqe-assignment-audit/normal/profiles/home/muhammad/SQE_A2/PX4-Autopilot-Testing/build/px4_sitl_test/platforms/posix/src/px4/common/test_stubs/CMakeFiles/test_stubs.dir/stub_daemon.cpp.gcda
Processing /tmp/sqe-assignment-audit/normal/profiles/home/muhammad/SQE_A2/PX4-Autopilot-Testing/build/px4_sitl_test/msg/CMakeFiles/uorb_msgs.dir/topics_sources/ping.cpp.gcda
Processing /tmp/sqe-assignment-audit/normal/profiles/home/muhammad/SQE_A2/PX4-Autopilot-Testing/build/px4_sitl_test/msg/CMakeFiles/uorb_msgs.dir/topics_sources/arming_check_request.cpp.gcda
Processing /tmp/sqe-assignment-audit/normal/profiles/home/muhammad/SQE_A2/PX4-Autopilot-Testing/build/px4_sitl_test/msg/CMakeFiles/uorb_msgs.dir/topics_sources/gimbal_manager_information.cpp.gcda
Processing /tmp/sqe-assignment-audit/normal/profiles/home/muhammad/SQE_A2/PX4-Autopilot-Testing/build/px4_sitl_test/msg/CMakeFiles/uorb_msgs.dir/topics_sources/sensor_hygrometer.cpp.gcda
Processing /tmp/sqe-assignment-audit/normal/profiles/home/muhammad/SQE_A2/PX4-Autopilot-Testing/build/px4_sitl_test/msg/CMakeFiles/uorb_msgs.dir/topics_sources/estimator_event_flags.cpp.gcda
Processing /tmp/sqe-assignment-audit/normal/profiles/home/muhammad/SQE_A2/PX4-Autopilot-Testing/build/px4_sitl_test/msg/CMakeFiles/uorb_msgs.dir/topics_sources/follow_target.cpp.gcda
Processing /tmp/sqe-assignment-audit/normal/profiles/home/muhammad/SQE_A2/PX4-Autopilot-Testing/build/px4_sitl_test/msg/CMakeFiles/uorb_msgs.dir/topics_sources/landing_gear.cpp.gcda
Processing /tmp/sqe-assignment-audit/normal/profiles/home/muhammad/SQE_A2/PX4-Autopilot-Testing/build/px4_sitl_test/msg/CMakeFiles/uorb_msgs.dir/topics_sources/config_overrides.cpp.gcda
Processing /tmp/sqe-assignment-audit/normal/profiles/home/muhammad/SQE_A2/PX4-Autopilot-Testing/build/px4_sitl_test/msg/CMakeFiles/uorb_msgs.dir/topics_sources/vehicle_attitude_setpoint.cpp.gcda
Processing /tmp/sqe-assignment-audit/normal/profiles/home/muhammad/SQE_A2/PX4-Autopilot-Testing/build/px4_sitl_test/msg/CMakeFiles/uorb_msgs.dir/topics_sources/position_setpoint.cpp.gcda
Processing /tmp/sqe-assignment-audit/normal/profiles/home/muhammad/SQE_A2/PX4-Autopilot-Testing/build/px4_sitl_test/msg/CMakeFiles/uorb_msgs.dir/topics_sources/gimbal_device_information.cpp.gcda
Processing /tmp/sqe-assignment-audit/normal/profiles/home/muhammad/SQE_A2/PX4-Autopilot-Testing/build/px4_sitl_test/msg/CMakeFiles/uorb_msgs.dir/topics_sources/vehicle_acceleration.cpp.gcda
Processing /tmp/sqe-assignment-audit/normal/profiles/home/muhammad/SQE_A2/PX4-Autopilot-Testing/build/px4_sitl_test/msg/CMakeFiles/uorb_msgs.dir/topics_sources/camera_trigger.cpp.gcda
Processing /tmp/sqe-assignment-audit/normal/profiles/home/muhammad/SQE_A2/PX4-Autopilot-Testing/build/px4_sitl_test/msg/CMakeFiles/uorb_msgs.dir/topics_sources/actuator_controls_status.cpp.gcda
Processing /tmp/sqe-assignment-audit/normal/profiles/home/muhammad/SQE_A2/PX4-Autopilot-Testing/build/px4_sitl_test/msg/CMakeFiles/uorb_msgs.dir/topics_sources/message_format_response.cpp.gcda
Processing /tmp/sqe-assignment-audit/normal/profiles/home/muhammad/SQE_A2/PX4-Autopilot-Testing/build/px4_sitl_test/msg/CMakeFiles/uorb_msgs.dir/topics_sources/sensor_combined.cpp.gcda
Processing /tmp/sqe-assignment-audit/normal/profiles/home/muhammad/SQE_A2/PX4-Autopilot-Testing/build/px4_sitl_test/msg/CMakeFiles/uorb_msgs.dir/topics_sources/arming_check_reply.cpp.gcda
Processing /tmp/sqe-assignment-audit/normal/profiles/home/muhammad/SQE_A2/PX4-Autopilot-Testing/build/px4_sitl_test/msg/CMakeFiles/uorb_msgs.dir/topics_sources/gimbal_manager_set_manual_control.cpp.gcda
Processing /tmp/sqe-assignment-audit/normal/profiles/home/muhammad/SQE_A2/PX4-Autopilot-Testing/build/px4_sitl_test/msg/CMakeFiles/uorb_msgs.dir/topics_sources/sensor_gps.cpp.gcda
Processing /tmp/sqe-assignment-audit/normal/profiles/home/muhammad/SQE_A2/PX4-Autopilot-Testing/build/px4_sitl_test/msg/CMakeFiles/uorb_msgs.dir/topics_sources/vehicle_optical_flow.cpp.gcda
Processing /tmp/sqe-assignment-audit/normal/profiles/home/muhammad/SQE_A2/PX4-Autopilot-Testing/build/px4_sitl_test/msg/CMakeFiles/uorb_msgs.dir/topics_sources/gpio_out.cpp.gcda
Processing /tmp/sqe-assignment-audit/normal/profiles/home/muhammad/SQE_A2/PX4-Autopilot-Testing/build/px4_sitl_test/msg/CMakeFiles/uorb_msgs.dir/topics_sources/unregister_ext_component.cpp.gcda
Processing /tmp/sqe-assignment-audit/normal/profiles/home/muhammad/SQE_A2/PX4-Autopilot-Testing/build/px4_sitl_test/msg/CMakeFiles/uorb_msgs.dir/topics_sources/debug_array.cpp.gcda
Processing /tmp/sqe-assignment-audit/normal/profiles/home/muhammad/SQE_A2/PX4-Autopilot-Testing/build/px4_sitl_test/msg/CMakeFiles/uorb_msgs.dir/topics_sources/rover_attitude_setpoint.cpp.gcda
Processing /tmp/sqe-assignment-audit/normal/profiles/home/muhammad/SQE_A2/PX4-Autopilot-Testing/build/px4_sitl_test/msg/CMakeFiles/uorb_msgs.dir/topics_sources/vtol_vehicle_status.cpp.gcda
Processing /tmp/sqe-assignment-audit/normal/profiles/home/muhammad/SQE_A2/PX4-Autopilot-Testing/build/px4_sitl_test/msg/CMakeFiles/uorb_msgs.dir/topics_sources/flight_phase_estimation.cpp.gcda
Processing /tmp/sqe-assignment-audit/normal/profiles/home/muhammad/SQE_A2/PX4-Autopilot-Testing/build/px4_sitl_test/msg/CMakeFiles/uorb_msgs.dir/topics_sources/collision_constraints.cpp.gcda
Processing /tmp/sqe-assignment-audit/normal/profiles/home/muhammad/SQE_A2/PX4-Autopilot-Testing/build/px4_sitl_test/msg/CMakeFiles/uorb_msgs.dir/topics_sources/parameter_set_value_request.cpp.gcda
Processing /tmp/sqe-assignment-audit/normal/profiles/home/muhammad/SQE_A2/PX4-Autopilot-Testing/build/px4_sitl_test/msg/CMakeFiles/uorb_msgs.dir/topics_sources/logger_status.cpp.gcda
Processing /tmp/sqe-assignment-audit/normal/profiles/home/muhammad/SQE_A2/PX4-Autopilot-Testing/build/px4_sitl_test/msg/CMakeFiles/uorb_msgs.dir/topics_sources/gimbal_controls.cpp.gcda
Processing /tmp/sqe-assignment-audit/normal/profiles/home/muhammad/SQE_A2/PX4-Autopilot-Testing/build/px4_sitl_test/msg/CMakeFiles/uorb_msgs.dir/topics_sources/transponder_report.cpp.gcda
Processing /tmp/sqe-assignment-audit/normal/profiles/home/muhammad/SQE_A2/PX4-Autopilot-Testing/build/px4_sitl_test/msg/CMakeFiles/uorb_msgs.dir/topics_sources/gimbal_device_attitude_status.cpp.gcda
Processing /tmp/sqe-assignment-audit/normal/profiles/home/muhammad/SQE_A2/PX4-Autopilot-Testing/build/px4_sitl_test/msg/CMakeFiles/uorb_msgs.dir/topics_sources/follow_target_status.cpp.gcda
Processing /tmp/sqe-assignment-audit/normal/profiles/home/muhammad/SQE_A2/PX4-Autopilot-Testing/build/px4_sitl_test/msg/CMakeFiles/uorb_msgs.dir/topics_sources/obstacle_distance.cpp.gcda
Processing /tmp/sqe-assignment-audit/normal/profiles/home/muhammad/SQE_A2/PX4-Autopilot-Testing/build/px4_sitl_test/msg/CMakeFiles/uorb_msgs.dir/topics_sources/task_stack_info.cpp.gcda
Processing /tmp/sqe-assignment-audit/normal/profiles/home/muhammad/SQE_A2/PX4-Autopilot-Testing/build/px4_sitl_test/msg/CMakeFiles/uorb_msgs.dir/topics_sources/uORBMessageFieldsGenerated.cpp.gcda
Processing /tmp/sqe-assignment-audit/normal/profiles/home/muhammad/SQE_A2/PX4-Autopilot-Testing/build/px4_sitl_test/msg/CMakeFiles/uorb_msgs.dir/topics_sources/open_drone_id_operator_id.cpp.gcda
Processing /tmp/sqe-assignment-audit/normal/profiles/home/muhammad/SQE_A2/PX4-Autopilot-Testing/build/px4_sitl_test/msg/CMakeFiles/uorb_msgs.dir/topics_sources/fixed_wing_lateral_status.cpp.gcda
Processing /tmp/sqe-assignment-audit/normal/profiles/home/muhammad/SQE_A2/PX4-Autopilot-Testing/build/px4_sitl_test/msg/CMakeFiles/uorb_msgs.dir/topics_sources/mount_orientation.cpp.gcda
Processing /tmp/sqe-assignment-audit/normal/profiles/home/muhammad/SQE_A2/PX4-Autopilot-Testing/build/px4_sitl_test/msg/CMakeFiles/uorb_msgs.dir/topics_sources/vehicle_local_position_setpoint.cpp.gcda
Processing /tmp/sqe-assignment-audit/normal/profiles/home/muhammad/SQE_A2/PX4-Autopilot-Testing/build/px4_sitl_test/msg/CMakeFiles/uorb_msgs.dir/topics_sources/rate_ctrl_status.cpp.gcda
Processing /tmp/sqe-assignment-audit/normal/profiles/home/muhammad/SQE_A2/PX4-Autopilot-Testing/build/px4_sitl_test/msg/CMakeFiles/uorb_msgs.dir/topics_sources/camera_capture.cpp.gcda
Processing /tmp/sqe-assignment-audit/normal/profiles/home/muhammad/SQE_A2/PX4-Autopilot-Testing/build/px4_sitl_test/msg/CMakeFiles/uorb_msgs.dir/topics_sources/vehicle_command.cpp.gcda
Processing /tmp/sqe-assignment-audit/normal/profiles/home/muhammad/SQE_A2/PX4-Autopilot-Testing/build/px4_sitl_test/msg/CMakeFiles/uorb_msgs.dir/topics_sources/power_monitor.cpp.gcda
Processing /tmp/sqe-assignment-audit/normal/profiles/home/muhammad/SQE_A2/PX4-Autopilot-Testing/build/px4_sitl_test/msg/CMakeFiles/uorb_msgs.dir/topics_sources/actuator_motors.cpp.gcda
Processing /tmp/sqe-assignment-audit/normal/profiles/home/muhammad/SQE_A2/PX4-Autopilot-Testing/build/px4_sitl_test/msg/CMakeFiles/uorb_msgs.dir/topics_sources/sensor_preflight_mag.cpp.gcda
Processing /tmp/sqe-assignment-audit/normal/profiles/home/muhammad/SQE_A2/PX4-Autopilot-Testing/build/px4_sitl_test/msg/CMakeFiles/uorb_msgs.dir/topics_sources/log_message.cpp.gcda
Processing /tmp/sqe-assignment-audit/normal/profiles/home/muhammad/SQE_A2/PX4-Autopilot-Testing/build/px4_sitl_test/msg/CMakeFiles/uorb_msgs.dir/topics_sources/qshell_req.cpp.gcda
Processing /tmp/sqe-assignment-audit/normal/profiles/home/muhammad/SQE_A2/PX4-Autopilot-Testing/build/px4_sitl_test/msg/CMakeFiles/uorb_msgs.dir/topics_sources/sensor_accel_fifo.cpp.gcda
Processing /tmp/sqe-assignment-audit/normal/profiles/home/muhammad/SQE_A2/PX4-Autopilot-Testing/build/px4_sitl_test/msg/CMakeFiles/uorb_msgs.dir/topics_sources/esc_report.cpp.gcda
Processing /tmp/sqe-assignment-audit/normal/profiles/home/muhammad/SQE_A2/PX4-Autopilot-Testing/build/px4_sitl_test/msg/CMakeFiles/uorb_msgs.dir/topics_sources/system_power.cpp.gcda
Processing /tmp/sqe-assignment-audit/normal/profiles/home/muhammad/SQE_A2/PX4-Autopilot-Testing/build/px4_sitl_test/msg/CMakeFiles/uorb_msgs.dir/topics_sources/ulog_stream.cpp.gcda
Processing /tmp/sqe-assignment-audit/normal/profiles/home/muhammad/SQE_A2/PX4-Autopilot-Testing/build/px4_sitl_test/msg/CMakeFiles/uorb_msgs.dir/topics_sources/fixed_wing_lateral_setpoint.cpp.gcda
Processing /tmp/sqe-assignment-audit/normal/profiles/home/muhammad/SQE_A2/PX4-Autopilot-Testing/build/px4_sitl_test/msg/CMakeFiles/uorb_msgs.dir/topics_sources/estimator_bias3d.cpp.gcda
Processing /tmp/sqe-assignment-audit/normal/profiles/home/muhammad/SQE_A2/PX4-Autopilot-Testing/build/px4_sitl_test/msg/CMakeFiles/uorb_msgs.dir/topics_sources/gpio_request.cpp.gcda
Processing /tmp/sqe-assignment-audit/normal/profiles/home/muhammad/SQE_A2/PX4-Autopilot-Testing/build/px4_sitl_test/msg/CMakeFiles/uorb_msgs.dir/topics_sources/wind.cpp.gcda
Processing /tmp/sqe-assignment-audit/normal/profiles/home/muhammad/SQE_A2/PX4-Autopilot-Testing/build/px4_sitl_test/msg/CMakeFiles/uorb_msgs.dir/topics_sources/landing_target_innovations.cpp.gcda
Processing /tmp/sqe-assignment-audit/normal/profiles/home/muhammad/SQE_A2/PX4-Autopilot-Testing/build/px4_sitl_test/msg/CMakeFiles/uorb_msgs.dir/topics_sources/estimator_status_flags.cpp.gcda
Processing /tmp/sqe-assignment-audit/normal/profiles/home/muhammad/SQE_A2/PX4-Autopilot-Testing/build/px4_sitl_test/msg/CMakeFiles/uorb_msgs.dir/topics_sources/telemetry_status.cpp.gcda
Processing /tmp/sqe-assignment-audit/normal/profiles/home/muhammad/SQE_A2/PX4-Autopilot-Testing/build/px4_sitl_test/msg/CMakeFiles/uorb_msgs.dir/topics_sources/neural_control.cpp.gcda
Processing /tmp/sqe-assignment-audit/normal/profiles/home/muhammad/SQE_A2/PX4-Autopilot-Testing/build/px4_sitl_test/msg/CMakeFiles/uorb_msgs.dir/topics_sources/vehicle_constraints.cpp.gcda
Processing /tmp/sqe-assignment-audit/normal/profiles/home/muhammad/SQE_A2/PX4-Autopilot-Testing/build/px4_sitl_test/msg/CMakeFiles/uorb_msgs.dir/topics_sources/cpuload.cpp.gcda
Processing /tmp/sqe-assignment-audit/normal/profiles/home/muhammad/SQE_A2/PX4-Autopilot-Testing/build/px4_sitl_test/msg/CMakeFiles/uorb_msgs.dir/topics_sources/generator_status.cpp.gcda
Processing /tmp/sqe-assignment-audit/normal/profiles/home/muhammad/SQE_A2/PX4-Autopilot-Testing/build/px4_sitl_test/msg/CMakeFiles/uorb_msgs.dir/topics_sources/rover_rate_setpoint.cpp.gcda
Processing /tmp/sqe-assignment-audit/normal/profiles/home/muhammad/SQE_A2/PX4-Autopilot-Testing/build/px4_sitl_test/msg/CMakeFiles/uorb_msgs.dir/topics_sources/magnetometer_bias_estimate.cpp.gcda
Processing /tmp/sqe-assignment-audit/normal/profiles/home/muhammad/SQE_A2/PX4-Autopilot-Testing/build/px4_sitl_test/msg/CMakeFiles/uorb_msgs.dir/topics_sources/wheel_encoders.cpp.gcda
Processing /tmp/sqe-assignment-audit/normal/profiles/home/muhammad/SQE_A2/PX4-Autopilot-Testing/build/px4_sitl_test/msg/CMakeFiles/uorb_msgs.dir/topics_sources/power_button_state.cpp.gcda
Processing /tmp/sqe-assignment-audit/normal/profiles/home/muhammad/SQE_A2/PX4-Autopilot-Testing/build/px4_sitl_test/msg/CMakeFiles/uorb_msgs.dir/topics_sources/sensor_airflow.cpp.gcda
Processing /tmp/sqe-assignment-audit/normal/profiles/home/muhammad/SQE_A2/PX4-Autopilot-Testing/build/px4_sitl_test/msg/CMakeFiles/uorb_msgs.dir/topics_sources/figure_eight_status.cpp.gcda
Processing /tmp/sqe-assignment-audit/normal/profiles/home/muhammad/SQE_A2/PX4-Autopilot-Testing/build/px4_sitl_test/msg/CMakeFiles/uorb_msgs.dir/topics_sources/sensor_baro.cpp.gcda
Processing /tmp/sqe-assignment-audit/normal/profiles/home/muhammad/SQE_A2/PX4-Autopilot-Testing/build/px4_sitl_test/msg/CMakeFiles/uorb_msgs.dir/topics_sources/led_control.cpp.gcda
Processing /tmp/sqe-assignment-audit/normal/profiles/home/muhammad/SQE_A2/PX4-Autopilot-Testing/build/px4_sitl_test/msg/CMakeFiles/uorb_msgs.dir/topics_sources/tune_control.cpp.gcda
Processing /tmp/sqe-assignment-audit/normal/profiles/home/muhammad/SQE_A2/PX4-Autopilot-Testing/build/px4_sitl_test/msg/CMakeFiles/uorb_msgs.dir/topics_sources/radio_status.cpp.gcda
Processing /tmp/sqe-assignment-audit/normal/profiles/home/muhammad/SQE_A2/PX4-Autopilot-Testing/build/px4_sitl_test/msg/CMakeFiles/uorb_msgs.dir/topics_sources/distance_sensor.cpp.gcda
Processing /tmp/sqe-assignment-audit/normal/profiles/home/muhammad/SQE_A2/PX4-Autopilot-Testing/build/px4_sitl_test/msg/CMakeFiles/uorb_msgs.dir/topics_sources/open_drone_id_system.cpp.gcda
Processing /tmp/sqe-assignment-audit/normal/profiles/home/muhammad/SQE_A2/PX4-Autopilot-Testing/build/px4_sitl_test/msg/CMakeFiles/uorb_msgs.dir/topics_sources/fixed_wing_runway_control.cpp.gcda
Processing /tmp/sqe-assignment-audit/normal/profiles/home/muhammad/SQE_A2/PX4-Autopilot-Testing/build/px4_sitl_test/msg/CMakeFiles/uorb_msgs.dir/topics_sources/gpio_in.cpp.gcda
Processing /tmp/sqe-assignment-audit/normal/profiles/home/muhammad/SQE_A2/PX4-Autopilot-Testing/build/px4_sitl_test/msg/CMakeFiles/uorb_msgs.dir/topics_sources/differential_pressure.cpp.gcda
Processing /tmp/sqe-assignment-audit/normal/profiles/home/muhammad/SQE_A2/PX4-Autopilot-Testing/build/px4_sitl_test/msg/CMakeFiles/uorb_msgs.dir/topics_sources/event.cpp.gcda
Processing /tmp/sqe-assignment-audit/normal/profiles/home/muhammad/SQE_A2/PX4-Autopilot-Testing/build/px4_sitl_test/msg/CMakeFiles/uorb_msgs.dir/topics_sources/register_ext_component_reply.cpp.gcda
Processing /tmp/sqe-assignment-audit/normal/profiles/home/muhammad/SQE_A2/PX4-Autopilot-Testing/build/px4_sitl_test/msg/CMakeFiles/uorb_msgs.dir/topics_sources/rover_throttle_setpoint.cpp.gcda
Processing /tmp/sqe-assignment-audit/normal/profiles/home/muhammad/SQE_A2/PX4-Autopilot-Testing/build/px4_sitl_test/msg/CMakeFiles/uorb_msgs.dir/topics_sources/rover_steering_setpoint.cpp.gcda
Processing /tmp/sqe-assignment-audit/normal/profiles/home/muhammad/SQE_A2/PX4-Autopilot-Testing/build/px4_sitl_test/msg/CMakeFiles/uorb_msgs.dir/topics_sources/gripper.cpp.gcda
Processing /tmp/sqe-assignment-audit/normal/profiles/home/muhammad/SQE_A2/PX4-Autopilot-Testing/build/px4_sitl_test/msg/CMakeFiles/uorb_msgs.dir/topics_sources/debug_value.cpp.gcda
Processing /tmp/sqe-assignment-audit/normal/profiles/home/muhammad/SQE_A2/PX4-Autopilot-Testing/build/px4_sitl_test/msg/CMakeFiles/uorb_msgs.dir/topics_sources/estimator_sensor_bias.cpp.gcda
Processing /tmp/sqe-assignment-audit/normal/profiles/home/muhammad/SQE_A2/PX4-Autopilot-Testing/build/px4_sitl_test/msg/CMakeFiles/uorb_msgs.dir/topics_sources/ulog_stream_ack.cpp.gcda
Processing /tmp/sqe-assignment-audit/normal/profiles/home/muhammad/SQE_A2/PX4-Autopilot-Testing/build/px4_sitl_test/msg/CMakeFiles/uorb_msgs.dir/topics_sources/orb_test_large.cpp.gcda
Processing /tmp/sqe-assignment-audit/normal/profiles/home/muhammad/SQE_A2/PX4-Autopilot-Testing/build/px4_sitl_test/msg/CMakeFiles/uorb_msgs.dir/topics_sources/debug_key_value.cpp.gcda
Processing /tmp/sqe-assignment-audit/normal/profiles/home/muhammad/SQE_A2/PX4-Autopilot-Testing/build/px4_sitl_test/msg/CMakeFiles/uorb_msgs.dir/topics_sources/lateral_control_configuration.cpp.gcda
Processing /tmp/sqe-assignment-audit/normal/profiles/home/muhammad/SQE_A2/PX4-Autopilot-Testing/build/px4_sitl_test/msg/CMakeFiles/uorb_msgs.dir/topics_sources/qshell_retval.cpp.gcda
Processing /tmp/sqe-assignment-audit/normal/profiles/home/muhammad/SQE_A2/PX4-Autopilot-Testing/build/px4_sitl_test/msg/CMakeFiles/uorb_msgs.dir/topics_sources/rover_attitude_status.cpp.gcda
Processing /tmp/sqe-assignment-audit/normal/profiles/home/muhammad/SQE_A2/PX4-Autopilot-Testing/build/px4_sitl_test/msg/CMakeFiles/uorb_msgs.dir/topics_sources/message_format_request.cpp.gcda
Processing /tmp/sqe-assignment-audit/normal/profiles/home/muhammad/SQE_A2/PX4-Autopilot-Testing/build/px4_sitl_test/msg/CMakeFiles/uorb_msgs.dir/topics_sources/gps_inject_data.cpp.gcda
Processing /tmp/sqe-assignment-audit/normal/profiles/home/muhammad/SQE_A2/PX4-Autopilot-Testing/build/px4_sitl_test/msg/CMakeFiles/uorb_msgs.dir/topics_sources/sensor_gnss_status.cpp.gcda
Processing /tmp/sqe-assignment-audit/normal/profiles/home/muhammad/SQE_A2/PX4-Autopilot-Testing/build/px4_sitl_test/msg/CMakeFiles/uorb_msgs.dir/topics_sources/sensor_gyro_fifo.cpp.gcda
Processing /tmp/sqe-assignment-audit/normal/profiles/home/muhammad/SQE_A2/PX4-Autopilot-Testing/build/px4_sitl_test/msg/CMakeFiles/uorb_msgs.dir/topics_sources/orb_test_medium.cpp.gcda
Processing /tmp/sqe-assignment-audit/normal/profiles/home/muhammad/SQE_A2/PX4-Autopilot-Testing/build/px4_sitl_test/msg/CMakeFiles/uorb_msgs.dir/topics_sources/vehicle_magnetometer.cpp.gcda
Processing /tmp/sqe-assignment-audit/normal/profiles/home/muhammad/SQE_A2/PX4-Autopilot-Testing/build/px4_sitl_test/msg/CMakeFiles/uorb_msgs.dir/topics_sources/vehicle_torque_setpoint.cpp.gcda
Processing /tmp/sqe-assignment-audit/normal/profiles/home/muhammad/SQE_A2/PX4-Autopilot-Testing/build/px4_sitl_test/msg/CMakeFiles/uorb_msgs.dir/topics_sources/actuator_servos.cpp.gcda
Processing /tmp/sqe-assignment-audit/normal/profiles/home/muhammad/SQE_A2/PX4-Autopilot-Testing/build/px4_sitl_test/msg/CMakeFiles/uorb_msgs.dir/topics_sources/position_controller_landing_status.cpp.gcda
Processing /tmp/sqe-assignment-audit/normal/profiles/home/muhammad/SQE_A2/PX4-Autopilot-Testing/build/px4_sitl_test/msg/CMakeFiles/uorb_msgs.dir/topics_sources/follow_target_estimator.cpp.gcda
Processing /tmp/sqe-assignment-audit/normal/profiles/home/muhammad/SQE_A2/PX4-Autopilot-Testing/build/px4_sitl_test/msg/CMakeFiles/uorb_msgs.dir/topics_sources/parameter_reset_request.cpp.gcda
Processing /tmp/sqe-assignment-audit/normal/profiles/home/muhammad/SQE_A2/PX4-Autopilot-Testing/build/px4_sitl_test/msg/CMakeFiles/uorb_msgs.dir/topics_sources/landing_target_pose.cpp.gcda
Processing /tmp/sqe-assignment-audit/normal/profiles/home/muhammad/SQE_A2/PX4-Autopilot-Testing/build/px4_sitl_test/msg/CMakeFiles/uorb_msgs.dir/topics_sources/vehicle_angular_acceleration_setpoint.cpp.gcda
Processing /tmp/sqe-assignment-audit/normal/profiles/home/muhammad/SQE_A2/PX4-Autopilot-Testing/build/px4_sitl_test/msg/CMakeFiles/uorb_msgs.dir/topics_sources/pps_capture.cpp.gcda
Processing /tmp/sqe-assignment-audit/normal/profiles/home/muhammad/SQE_A2/PX4-Autopilot-Testing/build/px4_sitl_test/msg/CMakeFiles/uorb_msgs.dir/topics_sources/rtl_time_estimate.cpp.gcda
Processing /tmp/sqe-assignment-audit/normal/profiles/home/muhammad/SQE_A2/PX4-Autopilot-Testing/build/px4_sitl_test/msg/CMakeFiles/uorb_msgs.dir/topics_sources/estimator_aid_source2d.cpp.gcda
Processing /tmp/sqe-assignment-audit/normal/profiles/home/muhammad/SQE_A2/PX4-Autopilot-Testing/build/px4_sitl_test/msg/CMakeFiles/uorb_msgs.dir/topics_sources/vehicle_global_position.cpp.gcda
Processing /tmp/sqe-assignment-audit/normal/profiles/home/muhammad/SQE_A2/PX4-Autopilot-Testing/build/px4_sitl_test/msg/CMakeFiles/uorb_msgs.dir/topics_sources/tiltrotor_extra_controls.cpp.gcda
Processing /tmp/sqe-assignment-audit/normal/profiles/home/muhammad/SQE_A2/PX4-Autopilot-Testing/build/px4_sitl_test/msg/CMakeFiles/uorb_msgs.dir/topics_sources/iridiumsbd_status.cpp.gcda
Processing /tmp/sqe-assignment-audit/normal/profiles/home/muhammad/SQE_A2/PX4-Autopilot-Testing/build/px4_sitl_test/msg/CMakeFiles/uorb_msgs.dir/topics_sources/vehicle_imu_status.cpp.gcda
Processing /tmp/sqe-assignment-audit/normal/profiles/home/muhammad/SQE_A2/PX4-Autopilot-Testing/build/px4_sitl_test/msg/CMakeFiles/uorb_msgs.dir/topics_sources/gpio_config.cpp.gcda
Processing /tmp/sqe-assignment-audit/normal/profiles/home/muhammad/SQE_A2/PX4-Autopilot-Testing/build/px4_sitl_test/msg/CMakeFiles/uorb_msgs.dir/topics_sources/dronecan_node_status.cpp.gcda
Processing /tmp/sqe-assignment-audit/normal/profiles/home/muhammad/SQE_A2/PX4-Autopilot-Testing/build/px4_sitl_test/msg/CMakeFiles/uorb_msgs.dir/topics_sources/navigator_mission_item.cpp.gcda
Processing /tmp/sqe-assignment-audit/normal/profiles/home/muhammad/SQE_A2/PX4-Autopilot-Testing/build/px4_sitl_test/msg/CMakeFiles/uorb_msgs.dir/topics_sources/airspeed.cpp.gcda
Processing /tmp/sqe-assignment-audit/normal/profiles/home/muhammad/SQE_A2/PX4-Autopilot-Testing/build/px4_sitl_test/msg/CMakeFiles/uorb_msgs.dir/topics_sources/estimator_innovations.cpp.gcda
Processing /tmp/sqe-assignment-audit/normal/profiles/home/muhammad/SQE_A2/PX4-Autopilot-Testing/build/px4_sitl_test/msg/CMakeFiles/uorb_msgs.dir/topics_sources/actuator_outputs.cpp.gcda
Processing /tmp/sqe-assignment-audit/normal/profiles/home/muhammad/SQE_A2/PX4-Autopilot-Testing/build/px4_sitl_test/msg/CMakeFiles/uorb_msgs.dir/topics_sources/vehicle_roi.cpp.gcda
Processing /tmp/sqe-assignment-audit/normal/profiles/home/muhammad/SQE_A2/PX4-Autopilot-Testing/build/px4_sitl_test/msg/CMakeFiles/uorb_msgs.dir/topics_sources/gimbal_manager_status.cpp.gcda
Processing /tmp/sqe-assignment-audit/normal/profiles/home/muhammad/SQE_A2/PX4-Autopilot-Testing/build/px4_sitl_test/msg/CMakeFiles/uorb_msgs.dir/topics_sources/longitudinal_control_configuration.cpp.gcda
Processing /tmp/sqe-assignment-audit/normal/profiles/home/muhammad/SQE_A2/PX4-Autopilot-Testing/build/px4_sitl_test/msg/CMakeFiles/uorb_msgs.dir/topics_sources/rover_speed_status.cpp.gcda
Processing /tmp/sqe-assignment-audit/normal/profiles/home/muhammad/SQE_A2/PX4-Autopilot-Testing/build/px4_sitl_test/msg/CMakeFiles/uorb_msgs.dir/topics_sources/irlock_report.cpp.gcda
Processing /tmp/sqe-assignment-audit/normal/profiles/home/muhammad/SQE_A2/PX4-Autopilot-Testing/build/px4_sitl_test/msg/CMakeFiles/uorb_msgs.dir/topics_sources/actuator_armed.cpp.gcda
Processing /tmp/sqe-assignment-audit/normal/profiles/home/muhammad/SQE_A2/PX4-Autopilot-Testing/build/px4_sitl_test/msg/CMakeFiles/uorb_msgs.dir/topics_sources/sensor_mag.cpp.gcda
Processing /tmp/sqe-assignment-audit/normal/profiles/home/muhammad/SQE_A2/PX4-Autopilot-Testing/build/px4_sitl_test/msg/CMakeFiles/uorb_msgs.dir/topics_sources/ekf2_timestamps.cpp.gcda
Processing /tmp/sqe-assignment-audit/normal/profiles/home/muhammad/SQE_A2/PX4-Autopilot-Testing/build/px4_sitl_test/msg/CMakeFiles/uorb_msgs.dir/topics_sources/tecs_status.cpp.gcda
Processing /tmp/sqe-assignment-audit/normal/profiles/home/muhammad/SQE_A2/PX4-Autopilot-Testing/build/px4_sitl_test/msg/CMakeFiles/uorb_msgs.dir/topics_sources/open_drone_id_arm_status.cpp.gcda
Processing /tmp/sqe-assignment-audit/normal/profiles/home/muhammad/SQE_A2/PX4-Autopilot-Testing/build/px4_sitl_test/msg/CMakeFiles/uorb_msgs.dir/topics_sources/cellular_status.cpp.gcda
Processing /tmp/sqe-assignment-audit/normal/profiles/home/muhammad/SQE_A2/PX4-Autopilot-Testing/build/px4_sitl_test/msg/CMakeFiles/uorb_msgs.dir/topics_sources/rover_speed_setpoint.cpp.gcda
Processing /tmp/sqe-assignment-audit/normal/profiles/home/muhammad/SQE_A2/PX4-Autopilot-Testing/build/px4_sitl_test/msg/CMakeFiles/uorb_msgs.dir/topics_sources/estimator_status.cpp.gcda
Processing /tmp/sqe-assignment-audit/normal/profiles/home/muhammad/SQE_A2/PX4-Autopilot-Testing/build/px4_sitl_test/msg/CMakeFiles/uorb_msgs.dir/topics_sources/parameter_set_value_response.cpp.gcda
Processing /tmp/sqe-assignment-audit/normal/profiles/home/muhammad/SQE_A2/PX4-Autopilot-Testing/build/px4_sitl_test/msg/CMakeFiles/uorb_msgs.dir/topics_sources/timesync_status.cpp.gcda
Processing /tmp/sqe-assignment-audit/normal/profiles/home/muhammad/SQE_A2/PX4-Autopilot-Testing/build/px4_sitl_test/msg/CMakeFiles/uorb_msgs.dir/topics_sources/estimator_selector_status.cpp.gcda
Processing /tmp/sqe-assignment-audit/normal/profiles/home/muhammad/SQE_A2/PX4-Autopilot-Testing/build/px4_sitl_test/msg/CMakeFiles/uorb_msgs.dir/topics_sources/sensor_correction.cpp.gcda
Processing /tmp/sqe-assignment-audit/normal/profiles/home/muhammad/SQE_A2/PX4-Autopilot-Testing/build/px4_sitl_test/msg/CMakeFiles/uorb_msgs.dir/topics_sources/sensor_optical_flow.cpp.gcda
Processing /tmp/sqe-assignment-audit/normal/profiles/home/muhammad/SQE_A2/PX4-Autopilot-Testing/build/px4_sitl_test/msg/CMakeFiles/uorb_msgs.dir/topics_sources/sensor_gyro.cpp.gcda
Processing /tmp/sqe-assignment-audit/normal/profiles/home/muhammad/SQE_A2/PX4-Autopilot-Testing/build/px4_sitl_test/msg/CMakeFiles/uorb_msgs.dir/topics_sources/rover_position_setpoint.cpp.gcda
Processing /tmp/sqe-assignment-audit/normal/profiles/home/muhammad/SQE_A2/PX4-Autopilot-Testing/build/px4_sitl_test/msg/CMakeFiles/uorb_msgs.dir/topics_sources/actuator_test.cpp.gcda
Processing /tmp/sqe-assignment-audit/normal/profiles/home/muhammad/SQE_A2/PX4-Autopilot-Testing/build/px4_sitl_test/msg/CMakeFiles/uorb_msgs.dir/topics_sources/rc_parameter_map.cpp.gcda
Processing /tmp/sqe-assignment-audit/normal/profiles/home/muhammad/SQE_A2/PX4-Autopilot-Testing/build/px4_sitl_test/msg/CMakeFiles/uorb_msgs.dir/topics_sources/launch_detection_status.cpp.gcda
Processing /tmp/sqe-assignment-audit/normal/profiles/home/muhammad/SQE_A2/PX4-Autopilot-Testing/build/px4_sitl_test/msg/CMakeFiles/uorb_msgs.dir/topics_sources/button_event.cpp.gcda
Processing /tmp/sqe-assignment-audit/normal/profiles/home/muhammad/SQE_A2/PX4-Autopilot-Testing/build/px4_sitl_test/msg/CMakeFiles/uorb_msgs.dir/topics_sources/sensors_status_imu.cpp.gcda
Processing /tmp/sqe-assignment-audit/normal/profiles/home/muhammad/SQE_A2/PX4-Autopilot-Testing/build/px4_sitl_test/msg/CMakeFiles/uorb_msgs.dir/topics_sources/fixed_wing_lateral_guidance_status.cpp.gcda
Processing /tmp/sqe-assignment-audit/normal/profiles/home/muhammad/SQE_A2/PX4-Autopilot-Testing/build/px4_sitl_test/msg/CMakeFiles/uorb_msgs.dir/topics_sources/battery_info.cpp.gcda
Processing /tmp/sqe-assignment-audit/normal/profiles/home/muhammad/SQE_A2/PX4-Autopilot-Testing/build/px4_sitl_test/msg/CMakeFiles/uorb_msgs.dir/topics_sources/mission.cpp.gcda
Processing /tmp/sqe-assignment-audit/normal/profiles/home/muhammad/SQE_A2/PX4-Autopilot-Testing/build/px4_sitl_test/msg/CMakeFiles/uorb_msgs.dir/topics_sources/velocity_limits.cpp.gcda
Processing /tmp/sqe-assignment-audit/normal/profiles/home/muhammad/SQE_A2/PX4-Autopilot-Testing/build/px4_sitl_test/msg/CMakeFiles/uorb_msgs.dir/topics_sources/dataman_response.cpp.gcda
Processing /tmp/sqe-assignment-audit/normal/profiles/home/muhammad/SQE_A2/PX4-Autopilot-Testing/build/px4_sitl_test/msg/CMakeFiles/uorb_msgs.dir/topics_sources/input_rc.cpp.gcda
Processing /tmp/sqe-assignment-audit/normal/profiles/home/muhammad/SQE_A2/PX4-Autopilot-Testing/build/px4_sitl_test/msg/CMakeFiles/uorb_msgs.dir/topics_sources/satellite_info.cpp.gcda
Processing /tmp/sqe-assignment-audit/normal/profiles/home/muhammad/SQE_A2/PX4-Autopilot-Testing/build/px4_sitl_test/msg/CMakeFiles/uorb_msgs.dir/topics_sources/vehicle_air_data.cpp.gcda
Processing /tmp/sqe-assignment-audit/normal/profiles/home/muhammad/SQE_A2/PX4-Autopilot-Testing/build/px4_sitl_test/msg/CMakeFiles/uorb_msgs.dir/topics_sources/vehicle_odometry.cpp.gcda
Processing /tmp/sqe-assignment-audit/normal/profiles/home/muhammad/SQE_A2/PX4-Autopilot-Testing/build/px4_sitl_test/msg/CMakeFiles/uorb_msgs.dir/topics_sources/action_request.cpp.gcda
Processing /tmp/sqe-assignment-audit/normal/profiles/home/muhammad/SQE_A2/PX4-Autopilot-Testing/build/px4_sitl_test/msg/CMakeFiles/uorb_msgs.dir/topics_sources/trajectory_setpoint.cpp.gcda
Processing /tmp/sqe-assignment-audit/normal/profiles/home/muhammad/SQE_A2/PX4-Autopilot-Testing/build/px4_sitl_test/msg/CMakeFiles/uorb_msgs.dir/topics_sources/hover_thrust_estimate.cpp.gcda
Processing /tmp/sqe-assignment-audit/normal/profiles/home/muhammad/SQE_A2/PX4-Autopilot-Testing/build/px4_sitl_test/msg/CMakeFiles/uorb_msgs.dir/topics_sources/camera_status.cpp.gcda
Processing /tmp/sqe-assignment-audit/normal/profiles/home/muhammad/SQE_A2/PX4-Autopilot-Testing/build/px4_sitl_test/msg/CMakeFiles/uorb_msgs.dir/topics_sources/sensor_uwb.cpp.gcda
Processing /tmp/sqe-assignment-audit/normal/profiles/home/muhammad/SQE_A2/PX4-Autopilot-Testing/build/px4_sitl_test/msg/CMakeFiles/uorb_msgs.dir/topics_sources/dataman_request.cpp.gcda
Processing /tmp/sqe-assignment-audit/normal/profiles/home/muhammad/SQE_A2/PX4-Autopilot-Testing/build/px4_sitl_test/msg/CMakeFiles/uorb_msgs.dir/topics_sources/sensor_gnss_relative.cpp.gcda
Processing /tmp/sqe-assignment-audit/normal/profiles/home/muhammad/SQE_A2/PX4-Autopilot-Testing/build/px4_sitl_test/msg/CMakeFiles/uorb_msgs.dir/topics_sources/uavcan_parameter_value.cpp.gcda
Processing /tmp/sqe-assignment-audit/normal/profiles/home/muhammad/SQE_A2/PX4-Autopilot-Testing/build/px4_sitl_test/msg/CMakeFiles/uorb_msgs.dir/topics_sources/manual_control_switches.cpp.gcda
Processing /tmp/sqe-assignment-audit/normal/profiles/home/muhammad/SQE_A2/PX4-Autopilot-Testing/build/px4_sitl_test/msg/CMakeFiles/uorb_msgs.dir/topics_sources/sensor_gyro_fft.cpp.gcda
Processing /tmp/sqe-assignment-audit/normal/profiles/home/muhammad/SQE_A2/PX4-Autopilot-Testing/build/px4_sitl_test/msg/CMakeFiles/uorb_msgs.dir/topics_sources/fuel_tank_status.cpp.gcda
Processing /tmp/sqe-assignment-audit/normal/profiles/home/muhammad/SQE_A2/PX4-Autopilot-Testing/build/px4_sitl_test/msg/CMakeFiles/uorb_msgs.dir/topics_sources/takeoff_status.cpp.gcda
Processing /tmp/sqe-assignment-audit/normal/profiles/home/muhammad/SQE_A2/PX4-Autopilot-Testing/build/px4_sitl_test/msg/CMakeFiles/uorb_msgs.dir/topics_sources/gimbal_device_set_attitude.cpp.gcda
Processing /tmp/sqe-assignment-audit/normal/profiles/home/muhammad/SQE_A2/PX4-Autopilot-Testing/build/px4_sitl_test/msg/CMakeFiles/uorb_msgs.dir/topics_sources/geofence_status.cpp.gcda
Processing /tmp/sqe-assignment-audit/normal/profiles/home/muhammad/SQE_A2/PX4-Autopilot-Testing/build/px4_sitl_test/msg/CMakeFiles/uorb_msgs.dir/topics_sources/estimator_aid_source1d.cpp.gcda
Processing /tmp/sqe-assignment-audit/normal/profiles/home/muhammad/SQE_A2/PX4-Autopilot-Testing/build/px4_sitl_test/msg/CMakeFiles/uorb_msgs.dir/topics_sources/vehicle_angular_velocity.cpp.gcda
Processing /tmp/sqe-assignment-audit/normal/profiles/home/muhammad/SQE_A2/PX4-Autopilot-Testing/build/px4_sitl_test/msg/CMakeFiles/uorb_msgs.dir/topics_sources/control_allocator_status.cpp.gcda
Processing /tmp/sqe-assignment-audit/normal/profiles/home/muhammad/SQE_A2/PX4-Autopilot-Testing/build/px4_sitl_test/msg/CMakeFiles/uorb_msgs.dir/topics_sources/autotune_attitude_control_status.cpp.gcda
Processing /tmp/sqe-assignment-audit/normal/profiles/home/muhammad/SQE_A2/PX4-Autopilot-Testing/build/px4_sitl_test/msg/CMakeFiles/uorb_msgs.dir/topics_sources/failure_detector_status.cpp.gcda
Processing /tmp/sqe-assignment-audit/normal/profiles/home/muhammad/SQE_A2/PX4-Autopilot-Testing/build/px4_sitl_test/msg/CMakeFiles/uorb_msgs.dir/topics_sources/position_controller_status.cpp.gcda
Processing /tmp/sqe-assignment-audit/normal/profiles/home/muhammad/SQE_A2/PX4-Autopilot-Testing/build/px4_sitl_test/msg/CMakeFiles/uorb_msgs.dir/topics_sources/gimbal_manager_set_attitude.cpp.gcda
Processing /tmp/sqe-assignment-audit/normal/profiles/home/muhammad/SQE_A2/PX4-Autopilot-Testing/build/px4_sitl_test/msg/CMakeFiles/uorb_msgs.dir/topics_sources/register_ext_component_request.cpp.gcda
Processing /tmp/sqe-assignment-audit/normal/profiles/home/muhammad/SQE_A2/PX4-Autopilot-Testing/build/px4_sitl_test/msg/CMakeFiles/uorb_msgs.dir/topics_sources/internal_combustion_engine_control.cpp.gcda
Processing /tmp/sqe-assignment-audit/normal/profiles/home/muhammad/SQE_A2/PX4-Autopilot-Testing/build/px4_sitl_test/msg/CMakeFiles/uorb_msgs.dir/topics_sources/sensor_accel.cpp.gcda
Processing /tmp/sqe-assignment-audit/normal/profiles/home/muhammad/SQE_A2/PX4-Autopilot-Testing/build/px4_sitl_test/msg/CMakeFiles/uorb_msgs.dir/topics_sources/normalized_unsigned_setpoint.cpp.gcda
Processing /tmp/sqe-assignment-audit/normal/profiles/home/muhammad/SQE_A2/PX4-Autopilot-Testing/build/px4_sitl_test/msg/CMakeFiles/uorb_msgs.dir/topics_sources/navigator_status.cpp.gcda
Processing /tmp/sqe-assignment-audit/normal/profiles/home/muhammad/SQE_A2/PX4-Autopilot-Testing/build/px4_sitl_test/msg/CMakeFiles/uorb_msgs.dir/topics_sources/esc_status.cpp.gcda
Processing /tmp/sqe-assignment-audit/normal/profiles/home/muhammad/SQE_A2/PX4-Autopilot-Testing/build/px4_sitl_test/msg/CMakeFiles/uorb_msgs.dir/topics_sources/rpm.cpp.gcda
Processing /tmp/sqe-assignment-audit/normal/profiles/home/muhammad/SQE_A2/PX4-Autopilot-Testing/build/px4_sitl_test/msg/CMakeFiles/uorb_msgs.dir/topics_sources/vehicle_optical_flow_vel.cpp.gcda
Processing /tmp/sqe-assignment-audit/normal/profiles/home/muhammad/SQE_A2/PX4-Autopilot-Testing/build/px4_sitl_test/msg/CMakeFiles/uorb_msgs.dir/topics_sources/vehicle_imu.cpp.gcda
Processing /tmp/sqe-assignment-audit/normal/profiles/home/muhammad/SQE_A2/PX4-Autopilot-Testing/build/px4_sitl_test/msg/CMakeFiles/uorb_msgs.dir/topics_sources/distance_sensor_mode_change_request.cpp.gcda
Processing /tmp/sqe-assignment-audit/normal/profiles/home/muhammad/SQE_A2/PX4-Autopilot-Testing/build/px4_sitl_test/msg/CMakeFiles/uorb_msgs.dir/topics_sources/onboard_computer_status.cpp.gcda
Processing /tmp/sqe-assignment-audit/normal/profiles/home/muhammad/SQE_A2/PX4-Autopilot-Testing/build/px4_sitl_test/msg/CMakeFiles/uorb_msgs.dir/topics_sources/estimator_gps_status.cpp.gcda
Processing /tmp/sqe-assignment-audit/normal/profiles/home/muhammad/SQE_A2/PX4-Autopilot-Testing/build/px4_sitl_test/msg/CMakeFiles/uorb_msgs.dir/topics_sources/trajectory_setpoint6dof.cpp.gcda
Processing /tmp/sqe-assignment-audit/normal/profiles/home/muhammad/SQE_A2/PX4-Autopilot-Testing/build/px4_sitl_test/msg/CMakeFiles/uorb_msgs.dir/topics_sources/estimator_bias.cpp.gcda
Processing /tmp/sqe-assignment-audit/normal/profiles/home/muhammad/SQE_A2/PX4-Autopilot-Testing/build/px4_sitl_test/msg/CMakeFiles/uorb_msgs.dir/topics_sources/mission_result.cpp.gcda
Processing /tmp/sqe-assignment-audit/normal/profiles/home/muhammad/SQE_A2/PX4-Autopilot-Testing/build/px4_sitl_test/msg/CMakeFiles/uorb_msgs.dir/topics_sources/vehicle_local_position.cpp.gcda
Processing /tmp/sqe-assignment-audit/normal/profiles/home/muhammad/SQE_A2/PX4-Autopilot-Testing/build/px4_sitl_test/msg/CMakeFiles/uorb_msgs.dir/topics_sources/vehicle_control_mode.cpp.gcda
Processing /tmp/sqe-assignment-audit/normal/profiles/home/muhammad/SQE_A2/PX4-Autopilot-Testing/build/px4_sitl_test/msg/CMakeFiles/uorb_msgs.dir/topics_sources/heater_status.cpp.gcda
Processing /tmp/sqe-assignment-audit/normal/profiles/home/muhammad/SQE_A2/PX4-Autopilot-Testing/build/px4_sitl_test/msg/CMakeFiles/uorb_msgs.dir/topics_sources/airspeed_validated.cpp.gcda
Processing /tmp/sqe-assignment-audit/normal/profiles/home/muhammad/SQE_A2/PX4-Autopilot-Testing/build/px4_sitl_test/msg/CMakeFiles/uorb_msgs.dir/topics_sources/home_position.cpp.gcda
Processing /tmp/sqe-assignment-audit/normal/profiles/home/muhammad/SQE_A2/PX4-Autopilot-Testing/build/px4_sitl_test/msg/CMakeFiles/uorb_msgs.dir/topics_sources/airspeed_wind.cpp.gcda
Processing /tmp/sqe-assignment-audit/normal/profiles/home/muhammad/SQE_A2/PX4-Autopilot-Testing/build/px4_sitl_test/msg/CMakeFiles/uorb_msgs.dir/topics_sources/uavcan_parameter_request.cpp.gcda
Processing /tmp/sqe-assignment-audit/normal/profiles/home/muhammad/SQE_A2/PX4-Autopilot-Testing/build/px4_sitl_test/msg/CMakeFiles/uorb_msgs.dir/topics_sources/rtl_status.cpp.gcda
Processing /tmp/sqe-assignment-audit/normal/profiles/home/muhammad/SQE_A2/PX4-Autopilot-Testing/build/px4_sitl_test/msg/CMakeFiles/uorb_msgs.dir/topics_sources/battery_status.cpp.gcda
Processing /tmp/sqe-assignment-audit/normal/profiles/home/muhammad/SQE_A2/PX4-Autopilot-Testing/build/px4_sitl_test/msg/CMakeFiles/uorb_msgs.dir/topics_sources/vehicle_command_ack.cpp.gcda
Processing /tmp/sqe-assignment-audit/normal/profiles/home/muhammad/SQE_A2/PX4-Autopilot-Testing/build/px4_sitl_test/msg/CMakeFiles/uorb_msgs.dir/topics_sources/vehicle_land_detected.cpp.gcda
Processing /tmp/sqe-assignment-audit/normal/profiles/home/muhammad/SQE_A2/PX4-Autopilot-Testing/build/px4_sitl_test/msg/CMakeFiles/uorb_msgs.dir/topics_sources/estimator_states.cpp.gcda
Processing /tmp/sqe-assignment-audit/normal/profiles/home/muhammad/SQE_A2/PX4-Autopilot-Testing/build/px4_sitl_test/msg/CMakeFiles/uorb_msgs.dir/topics_sources/vehicle_thrust_setpoint.cpp.gcda
Processing /tmp/sqe-assignment-audit/normal/profiles/home/muhammad/SQE_A2/PX4-Autopilot-Testing/build/px4_sitl_test/msg/CMakeFiles/uorb_msgs.dir/topics_sources/adc_report.cpp.gcda
Processing /tmp/sqe-assignment-audit/normal/profiles/home/muhammad/SQE_A2/PX4-Autopilot-Testing/build/px4_sitl_test/msg/CMakeFiles/uorb_msgs.dir/topics_sources/goto_setpoint.cpp.gcda
Processing /tmp/sqe-assignment-audit/normal/profiles/home/muhammad/SQE_A2/PX4-Autopilot-Testing/build/px4_sitl_test/msg/CMakeFiles/uorb_msgs.dir/topics_sources/failsafe_flags.cpp.gcda
Processing /tmp/sqe-assignment-audit/normal/profiles/home/muhammad/SQE_A2/PX4-Autopilot-Testing/build/px4_sitl_test/msg/CMakeFiles/uorb_msgs.dir/topics_sources/uORBTopics.cpp.gcda
Processing /tmp/sqe-assignment-audit/normal/profiles/home/muhammad/SQE_A2/PX4-Autopilot-Testing/build/px4_sitl_test/msg/CMakeFiles/uorb_msgs.dir/topics_sources/estimator_aid_source3d.cpp.gcda
Processing /tmp/sqe-assignment-audit/normal/profiles/home/muhammad/SQE_A2/PX4-Autopilot-Testing/build/px4_sitl_test/msg/CMakeFiles/uorb_msgs.dir/topics_sources/mode_completed.cpp.gcda
Processing /tmp/sqe-assignment-audit/normal/profiles/home/muhammad/SQE_A2/PX4-Autopilot-Testing/build/px4_sitl_test/msg/CMakeFiles/uorb_msgs.dir/topics_sources/position_setpoint_triplet.cpp.gcda
Processing /tmp/sqe-assignment-audit/normal/profiles/home/muhammad/SQE_A2/PX4-Autopilot-Testing/build/px4_sitl_test/msg/CMakeFiles/uorb_msgs.dir/topics_sources/open_drone_id_self_id.cpp.gcda
Processing /tmp/sqe-assignment-audit/normal/profiles/home/muhammad/SQE_A2/PX4-Autopilot-Testing/build/px4_sitl_test/msg/CMakeFiles/uorb_msgs.dir/topics_sources/gps_dump.cpp.gcda
Processing /tmp/sqe-assignment-audit/normal/profiles/home/muhammad/SQE_A2/PX4-Autopilot-Testing/build/px4_sitl_test/msg/CMakeFiles/uorb_msgs.dir/topics_sources/pwm_input.cpp.gcda
Processing /tmp/sqe-assignment-audit/normal/profiles/home/muhammad/SQE_A2/PX4-Autopilot-Testing/build/px4_sitl_test/msg/CMakeFiles/uorb_msgs.dir/topics_sources/can_interface_status.cpp.gcda
Processing /tmp/sqe-assignment-audit/normal/profiles/home/muhammad/SQE_A2/PX4-Autopilot-Testing/build/px4_sitl_test/msg/CMakeFiles/uorb_msgs.dir/topics_sources/offboard_control_mode.cpp.gcda
Processing /tmp/sqe-assignment-audit/normal/profiles/home/muhammad/SQE_A2/PX4-Autopilot-Testing/build/px4_sitl_test/msg/CMakeFiles/uorb_msgs.dir/topics_sources/sensors_status.cpp.gcda
Processing /tmp/sqe-assignment-audit/normal/profiles/home/muhammad/SQE_A2/PX4-Autopilot-Testing/build/px4_sitl_test/msg/CMakeFiles/uorb_msgs.dir/topics_sources/mavlink_log.cpp.gcda
Processing /tmp/sqe-assignment-audit/normal/profiles/home/muhammad/SQE_A2/PX4-Autopilot-Testing/build/px4_sitl_test/msg/CMakeFiles/uorb_msgs.dir/topics_sources/rover_rate_status.cpp.gcda
Processing /tmp/sqe-assignment-audit/normal/profiles/home/muhammad/SQE_A2/PX4-Autopilot-Testing/build/px4_sitl_test/msg/CMakeFiles/uorb_msgs.dir/topics_sources/debug_vect.cpp.gcda
Processing /tmp/sqe-assignment-audit/normal/profiles/home/muhammad/SQE_A2/PX4-Autopilot-Testing/build/px4_sitl_test/msg/CMakeFiles/uorb_msgs.dir/topics_sources/parameter_update.cpp.gcda
Processing /tmp/sqe-assignment-audit/normal/profiles/home/muhammad/SQE_A2/PX4-Autopilot-Testing/build/px4_sitl_test/msg/CMakeFiles/uorb_msgs.dir/topics_sources/rc_channels.cpp.gcda
Processing /tmp/sqe-assignment-audit/normal/profiles/home/muhammad/SQE_A2/PX4-Autopilot-Testing/build/px4_sitl_test/msg/CMakeFiles/uorb_msgs.dir/topics_sources/pure_pursuit_status.cpp.gcda
Processing /tmp/sqe-assignment-audit/normal/profiles/home/muhammad/SQE_A2/PX4-Autopilot-Testing/build/px4_sitl_test/msg/CMakeFiles/uorb_msgs.dir/topics_sources/actuator_servos_trim.cpp.gcda
Processing /tmp/sqe-assignment-audit/normal/profiles/home/muhammad/SQE_A2/PX4-Autopilot-Testing/build/px4_sitl_test/msg/CMakeFiles/uorb_msgs.dir/topics_sources/geofence_result.cpp.gcda
Processing /tmp/sqe-assignment-audit/normal/profiles/home/muhammad/SQE_A2/PX4-Autopilot-Testing/build/px4_sitl_test/msg/CMakeFiles/uorb_msgs.dir/topics_sources/landing_gear_wheel.cpp.gcda
Processing /tmp/sqe-assignment-audit/normal/profiles/home/muhammad/SQE_A2/PX4-Autopilot-Testing/build/px4_sitl_test/msg/CMakeFiles/uorb_msgs.dir/topics_sources/vehicle_attitude.cpp.gcda
Processing /tmp/sqe-assignment-audit/normal/profiles/home/muhammad/SQE_A2/PX4-Autopilot-Testing/build/px4_sitl_test/msg/CMakeFiles/uorb_msgs.dir/topics_sources/yaw_estimator_status.cpp.gcda
Processing /tmp/sqe-assignment-audit/normal/profiles/home/muhammad/SQE_A2/PX4-Autopilot-Testing/build/px4_sitl_test/msg/CMakeFiles/uorb_msgs.dir/topics_sources/fixed_wing_longitudinal_setpoint.cpp.gcda
Processing /tmp/sqe-assignment-audit/normal/profiles/home/muhammad/SQE_A2/PX4-Autopilot-Testing/build/px4_sitl_test/msg/CMakeFiles/uorb_msgs.dir/topics_sources/mag_worker_data.cpp.gcda
Processing /tmp/sqe-assignment-audit/normal/profiles/home/muhammad/SQE_A2/PX4-Autopilot-Testing/build/px4_sitl_test/msg/CMakeFiles/uorb_msgs.dir/topics_sources/mavlink_tunnel.cpp.gcda
Processing /tmp/sqe-assignment-audit/normal/profiles/home/muhammad/SQE_A2/PX4-Autopilot-Testing/build/px4_sitl_test/msg/CMakeFiles/uorb_msgs.dir/topics_sources/sensor_selection.cpp.gcda
Processing /tmp/sqe-assignment-audit/normal/profiles/home/muhammad/SQE_A2/PX4-Autopilot-Testing/build/px4_sitl_test/msg/CMakeFiles/uorb_msgs.dir/topics_sources/manual_control_setpoint.cpp.gcda
Processing /tmp/sqe-assignment-audit/normal/profiles/home/muhammad/SQE_A2/PX4-Autopilot-Testing/build/px4_sitl_test/msg/CMakeFiles/uorb_msgs.dir/topics_sources/px4io_status.cpp.gcda
Processing /tmp/sqe-assignment-audit/normal/profiles/home/muhammad/SQE_A2/PX4-Autopilot-Testing/build/px4_sitl_test/msg/CMakeFiles/uorb_msgs.dir/topics_sources/vehicle_status.cpp.gcda
Processing /tmp/sqe-assignment-audit/normal/profiles/home/muhammad/SQE_A2/PX4-Autopilot-Testing/build/px4_sitl_test/msg/CMakeFiles/uorb_msgs.dir/topics_sources/orbit_status.cpp.gcda
Processing /tmp/sqe-assignment-audit/normal/profiles/home/muhammad/SQE_A2/PX4-Autopilot-Testing/build/px4_sitl_test/msg/CMakeFiles/uorb_msgs.dir/topics_sources/internal_combustion_engine_status.cpp.gcda
Processing /tmp/sqe-assignment-audit/normal/profiles/home/muhammad/SQE_A2/PX4-Autopilot-Testing/build/px4_sitl_test/msg/CMakeFiles/uorb_msgs.dir/topics_sources/orb_test.cpp.gcda
Processing /tmp/sqe-assignment-audit/normal/profiles/home/muhammad/SQE_A2/PX4-Autopilot-Testing/build/px4_sitl_test/msg/CMakeFiles/uorb_msgs.dir/topics_sources/vehicle_rates_setpoint.cpp.gcda
Processing /tmp/sqe-assignment-audit/normal/profiles/home/muhammad/SQE_A2/PX4-Autopilot-Testing/build/px4_sitl_test/msg/CMakeFiles/uorb_msgs.dir/topics_sources/parameter_set_used_request.cpp.gcda
Processing /tmp/sqe-assignment-audit/normal/profiles/home/muhammad/SQE_A2/PX4-Autopilot-Testing/build/px4_sitl_test/msg/CMakeFiles/uorb_msgs.dir/topics_sources/health_report.cpp.gcda
Processing /tmp/sqe-assignment-audit/normal/profiles/home/muhammad/SQE_A2/PX4-Autopilot-Testing/build/px4_sitl_test/test/fuzztest/common/CMakeFiles/fuzztest_sha1.dir/sha1.cc.gcda
Processing /tmp/sqe-assignment-audit/normal/profiles/home/muhammad/SQE_A2/PX4-Autopilot-Testing/build/px4_sitl_test/test/fuzztest/common/CMakeFiles/fuzztest_hash.dir/hash.cc.gcda
Processing /tmp/sqe-assignment-audit/normal/profiles/home/muhammad/SQE_A2/PX4-Autopilot-Testing/build/px4_sitl_test/test/fuzztest/common/CMakeFiles/fuzztest_blob_file.dir/blob_file.cc.gcda
Processing /tmp/sqe-assignment-audit/normal/profiles/home/muhammad/SQE_A2/PX4-Autopilot-Testing/build/px4_sitl_test/test/fuzztest/common/CMakeFiles/fuzztest_bazel.dir/bazel.cc.gcda
Processing /tmp/sqe-assignment-audit/normal/profiles/home/muhammad/SQE_A2/PX4-Autopilot-Testing/build/px4_sitl_test/test/fuzztest/common/CMakeFiles/fuzztest_remote_file.dir/remote_file.cc.gcda
Processing /tmp/sqe-assignment-audit/normal/profiles/home/muhammad/SQE_A2/PX4-Autopilot-Testing/build/px4_sitl_test/test/fuzztest/common/CMakeFiles/fuzztest_remote_file.dir/remote_file_oss.cc.gcda
Processing /tmp/sqe-assignment-audit/normal/profiles/home/muhammad/SQE_A2/PX4-Autopilot-Testing/build/px4_sitl_test/test/fuzztest/fuzztest/CMakeFiles/fuzztest_fuzztest_gtest_main.dir/fuzztest_gtest_main.cc.gcda
Processing /tmp/sqe-assignment-audit/normal/profiles/home/muhammad/SQE_A2/PX4-Autopilot-Testing/build/px4_sitl_test/test/fuzztest/fuzztest/CMakeFiles/fuzztest_init_fuzztest.dir/init_fuzztest.cc.gcda
Processing /tmp/sqe-assignment-audit/normal/profiles/home/muhammad/SQE_A2/PX4-Autopilot-Testing/build/px4_sitl_test/test/fuzztest/fuzztest/internal/CMakeFiles/fuzztest_io.dir/io.cc.gcda
Processing /tmp/sqe-assignment-audit/normal/profiles/home/muhammad/SQE_A2/PX4-Autopilot-Testing/build/px4_sitl_test/test/fuzztest/fuzztest/internal/CMakeFiles/fuzztest_registry.dir/registry.cc.gcda
Processing /tmp/sqe-assignment-audit/normal/profiles/home/muhammad/SQE_A2/PX4-Autopilot-Testing/build/px4_sitl_test/test/fuzztest/fuzztest/internal/CMakeFiles/fuzztest_configuration.dir/configuration.cc.gcda
Processing /tmp/sqe-assignment-audit/normal/profiles/home/muhammad/SQE_A2/PX4-Autopilot-Testing/build/px4_sitl_test/test/fuzztest/fuzztest/internal/CMakeFiles/fuzztest_corpus_database.dir/corpus_database.cc.gcda
Processing /tmp/sqe-assignment-audit/normal/profiles/home/muhammad/SQE_A2/PX4-Autopilot-Testing/build/px4_sitl_test/test/fuzztest/fuzztest/internal/CMakeFiles/fuzztest_runtime.dir/runtime.cc.gcda
Processing /tmp/sqe-assignment-audit/normal/profiles/home/muhammad/SQE_A2/PX4-Autopilot-Testing/build/px4_sitl_test/test/fuzztest/fuzztest/internal/CMakeFiles/fuzztest_status.dir/status.cc.gcda
Processing /tmp/sqe-assignment-audit/normal/profiles/home/muhammad/SQE_A2/PX4-Autopilot-Testing/build/px4_sitl_test/test/fuzztest/fuzztest/internal/CMakeFiles/fuzztest_seed_seq.dir/seed_seq.cc.gcda
Processing /tmp/sqe-assignment-audit/normal/profiles/home/muhammad/SQE_A2/PX4-Autopilot-Testing/build/px4_sitl_test/test/fuzztest/fuzztest/internal/CMakeFiles/fuzztest_serialization.dir/serialization.cc.gcda
Processing /tmp/sqe-assignment-audit/normal/profiles/home/muhammad/SQE_A2/PX4-Autopilot-Testing/build/px4_sitl_test/test/fuzztest/fuzztest/internal/CMakeFiles/fuzztest_logging.dir/logging.cc.gcda
Processing /tmp/sqe-assignment-audit/normal/profiles/home/muhammad/SQE_A2/PX4-Autopilot-Testing/build/px4_sitl_test/test/fuzztest/fuzztest/internal/CMakeFiles/fuzztest_googletest_adaptor.dir/googletest_adaptor.cc.gcda
Processing /tmp/sqe-assignment-audit/normal/profiles/home/muhammad/SQE_A2/PX4-Autopilot-Testing/build/px4_sitl_test/test/fuzztest/fuzztest/internal/CMakeFiles/fuzztest_coverage.dir/coverage.cc.gcda
Processing /tmp/sqe-assignment-audit/normal/profiles/home/muhammad/SQE_A2/PX4-Autopilot-Testing/build/px4_sitl_test/src/modules/flight_mode_manager/tasks/ManualAccelerationSlow/CMakeFiles/FlightTaskManualAccelerationSlow.dir/FlightTaskManualAccelerationSlow.cpp.gcda
Processing /tmp/sqe-assignment-audit/normal/profiles/home/muhammad/SQE_A2/PX4-Autopilot-Testing/build/px4_sitl_test/src/modules/flight_mode_manager/tasks/FlightTask/CMakeFiles/FlightTask.dir/FlightTask.cpp.gcda
Processing /tmp/sqe-assignment-audit/normal/profiles/home/muhammad/SQE_A2/PX4-Autopilot-Testing/build/px4_sitl_test/src/modules/flight_mode_manager/tasks/ManualAltitudeSmoothVel/CMakeFiles/FlightTaskManualAltitudeSmoothVel.dir/FlightTaskManualAltitudeSmoothVel.cpp.gcda
Processing /tmp/sqe-assignment-audit/normal/profiles/home/muhammad/SQE_A2/PX4-Autopilot-Testing/build/px4_sitl_test/src/modules/flight_mode_manager/tasks/Transition/CMakeFiles/FlightTaskTransition.dir/FlightTaskTransition.cpp.gcda
Processing /tmp/sqe-assignment-audit/normal/profiles/home/muhammad/SQE_A2/PX4-Autopilot-Testing/build/px4_sitl_test/src/modules/flight_mode_manager/tasks/Failsafe/CMakeFiles/FlightTaskFailsafe.dir/FlightTaskFailsafe.cpp.gcda
Processing /tmp/sqe-assignment-audit/normal/profiles/home/muhammad/SQE_A2/PX4-Autopilot-Testing/build/px4_sitl_test/src/modules/flight_mode_manager/tasks/ManualAcceleration/CMakeFiles/FlightTaskManualAcceleration.dir/FlightTaskManualAcceleration.cpp.gcda
Processing /tmp/sqe-assignment-audit/normal/profiles/home/muhammad/SQE_A2/PX4-Autopilot-Testing/build/px4_sitl_test/src/modules/flight_mode_manager/tasks/ManualAltitude/CMakeFiles/FlightTaskManualAltitude.dir/FlightTaskManualAltitude.cpp.gcda
Processing /tmp/sqe-assignment-audit/normal/profiles/home/muhammad/SQE_A2/PX4-Autopilot-Testing/build/px4_sitl_test/src/modules/flight_mode_manager/tasks/AltitudeCruise/CMakeFiles/FlightTaskAltitudeCruise.dir/FlightTaskAltitudeCruise.cpp.gcda
Processing /tmp/sqe-assignment-audit/normal/profiles/home/muhammad/SQE_A2/PX4-Autopilot-Testing/build/px4_sitl_test/src/modules/flight_mode_manager/tasks/Descend/CMakeFiles/FlightTaskDescend.dir/FlightTaskDescend.cpp.gcda
Processing /tmp/sqe-assignment-audit/normal/profiles/home/muhammad/SQE_A2/PX4-Autopilot-Testing/build/px4_sitl_test/src/modules/flight_mode_manager/tasks/Auto/CMakeFiles/FlightTaskAuto.dir/FlightTaskAuto.cpp.gcda
Processing /tmp/sqe-assignment-audit/normal/profiles/home/muhammad/SQE_A2/PX4-Autopilot-Testing/build/px4_sitl_test/src/modules/flight_mode_manager/tasks/Utility/CMakeFiles/FlightTaskUtility.dir/StickAccelerationXY.cpp.gcda
Processing /tmp/sqe-assignment-audit/normal/profiles/home/muhammad/SQE_A2/PX4-Autopilot-Testing/build/px4_sitl_test/src/modules/flight_mode_manager/tasks/Utility/CMakeFiles/FlightTaskUtility.dir/StickTiltXY.cpp.gcda
Processing /tmp/sqe-assignment-audit/normal/profiles/home/muhammad/SQE_A2/PX4-Autopilot-Testing/build/px4_sitl_test/src/modules/flight_mode_manager/tasks/Utility/CMakeFiles/FlightTaskUtility.dir/Gimbal.cpp.gcda
Processing /tmp/sqe-assignment-audit/normal/profiles/home/muhammad/SQE_A2/PX4-Autopilot-Testing/build/px4_sitl_test/src/modules/flight_mode_manager/tasks/ManualPosition/CMakeFiles/FlightTaskManualPosition.dir/FlightTaskManualPosition.cpp.gcda
Processing /tmp/sqe-assignment-audit/normal/profiles/home/muhammad/SQE_A2/PX4-Autopilot-Testing/build/px4_sitl_test/src/modules/flight_mode_manager/tasks/AutoFollowTarget/follow_target_estimator/CMakeFiles/follow_target_estimator.dir/TargetEstimator.cpp.gcda
Processing /tmp/sqe-assignment-audit/normal/profiles/home/muhammad/SQE_A2/PX4-Autopilot-Testing/build/px4_sitl_test/src/modules/flight_mode_manager/tasks/AutoFollowTarget/CMakeFiles/FlightTaskAutoFollowTarget.dir/FlightTaskAutoFollowTarget.cpp.gcda
Processing /tmp/sqe-assignment-audit/normal/profiles/home/muhammad/SQE_A2/PX4-Autopilot-Testing/build/px4_sitl_test/src/modules/flight_mode_manager/tasks/Orbit/CMakeFiles/FlightTaskOrbit.dir/FlightTaskOrbit.cpp.gcda
Processing /tmp/sqe-assignment-audit/normal/profiles/home/muhammad/SQE_A2/PX4-Autopilot-Testing/build/px4_sitl_test/src/modules/flight_mode_manager/CMakeFiles/modules__flight_mode_manager.dir/FlightModeManager.cpp.gcda
Processing /tmp/sqe-assignment-audit/normal/profiles/home/muhammad/SQE_A2/PX4-Autopilot-Testing/build/px4_sitl_test/src/modules/flight_mode_manager/CMakeFiles/modules__flight_mode_manager.dir/FlightTasks_generated.cpp.gcda
Processing /tmp/sqe-assignment-audit/normal/profiles/home/muhammad/SQE_A2/PX4-Autopilot-Testing/build/px4_sitl_test/src/modules/flight_mode_manager/CMakeFiles/functional-FlightModeManager.dir/__/__/lib/geo/geo.cpp.gcda
Processing /tmp/sqe-assignment-audit/normal/profiles/home/muhammad/SQE_A2/PX4-Autopilot-Testing/build/px4_sitl_test/src/modules/flight_mode_manager/CMakeFiles/functional-FlightModeManager.dir/FlightModeManagerTest.cpp.gcda
Processing /tmp/sqe-assignment-audit/normal/profiles/home/muhammad/SQE_A2/PX4-Autopilot-Testing/build/px4_sitl_test/src/modules/land_detector/CMakeFiles/modules__land_detector.dir/LandDetector.cpp.gcda
Processing /tmp/sqe-assignment-audit/normal/profiles/home/muhammad/SQE_A2/PX4-Autopilot-Testing/build/px4_sitl_test/src/modules/land_detector/CMakeFiles/modules__land_detector.dir/MulticopterLandDetector.cpp.gcda
Processing /tmp/sqe-assignment-audit/normal/profiles/home/muhammad/SQE_A2/PX4-Autopilot-Testing/build/px4_sitl_test/src/modules/land_detector/CMakeFiles/modules__land_detector.dir/RoverLandDetector.cpp.gcda
Processing /tmp/sqe-assignment-audit/normal/profiles/home/muhammad/SQE_A2/PX4-Autopilot-Testing/build/px4_sitl_test/src/modules/land_detector/CMakeFiles/modules__land_detector.dir/VtolLandDetector.cpp.gcda
Processing /tmp/sqe-assignment-audit/normal/profiles/home/muhammad/SQE_A2/PX4-Autopilot-Testing/build/px4_sitl_test/src/modules/land_detector/CMakeFiles/modules__land_detector.dir/land_detector_main.cpp.gcda
Processing /tmp/sqe-assignment-audit/normal/profiles/home/muhammad/SQE_A2/PX4-Autopilot-Testing/build/px4_sitl_test/src/modules/land_detector/CMakeFiles/modules__land_detector.dir/FixedwingLandDetector.cpp.gcda
Processing /tmp/sqe-assignment-audit/normal/profiles/home/muhammad/SQE_A2/PX4-Autopilot-Testing/build/px4_sitl_test/src/modules/land_detector/CMakeFiles/modules__land_detector.dir/AirshipLandDetector.cpp.gcda
Processing /tmp/sqe-assignment-audit/normal/profiles/home/muhammad/SQE_A2/PX4-Autopilot-Testing/build/px4_sitl_test/src/modules/land_detector/CMakeFiles/functional-LandDetector.dir/LandDetectorTest.cpp.gcda
Processing /tmp/sqe-assignment-audit/normal/profiles/home/muhammad/SQE_A2/PX4-Autopilot-Testing/build/px4_sitl_test/src/modules/attitude_estimator_q/CMakeFiles/functional-AttitudeEstimatorQ.dir/AttitudeEstimatorQTest.cpp.gcda
Processing /tmp/sqe-assignment-audit/normal/profiles/home/muhammad/SQE_A2/PX4-Autopilot-Testing/build/px4_sitl_test/src/lib/stick_yaw/CMakeFiles/StickYaw.dir/StickYaw.cpp.gcda
Processing /tmp/sqe-assignment-audit/normal/profiles/home/muhammad/SQE_A2/PX4-Autopilot-Testing/build/px4_sitl_test/src/lib/heatshrink/CMakeFiles/heatshrink.dir/heatshrink/heatshrink_decoder.c.gcda
Processing /tmp/sqe-assignment-audit/normal/profiles/home/muhammad/SQE_A2/PX4-Autopilot-Testing/build/px4_sitl_test/src/lib/geo/CMakeFiles/geo.dir/geo.cpp.gcda
Processing /tmp/sqe-assignment-audit/normal/profiles/home/muhammad/SQE_A2/PX4-Autopilot-Testing/build/px4_sitl_test/src/lib/weather_vane/CMakeFiles/WeatherVane.dir/WeatherVane.cpp.gcda
Processing /tmp/sqe-assignment-audit/normal/profiles/home/muhammad/SQE_A2/PX4-Autopilot-Testing/build/px4_sitl_test/src/lib/world_magnetic_model/CMakeFiles/world_magnetic_model.dir/geo_mag_declination.cpp.gcda
Processing /tmp/sqe-assignment-audit/normal/profiles/home/muhammad/SQE_A2/PX4-Autopilot-Testing/build/px4_sitl_test/src/lib/cdev/CMakeFiles/cdev.dir/CDev.cpp.gcda
Processing /tmp/sqe-assignment-audit/normal/profiles/home/muhammad/SQE_A2/PX4-Autopilot-Testing/build/px4_sitl_test/src/lib/cdev/CMakeFiles/cdev.dir/posix/cdev_platform.cpp.gcda
Processing /tmp/sqe-assignment-audit/normal/profiles/home/muhammad/SQE_A2/PX4-Autopilot-Testing/build/px4_sitl_test/src/lib/motion_planning/CMakeFiles/motion_planning.dir/ManualVelocitySmoothingZ.cpp.gcda
Processing /tmp/sqe-assignment-audit/normal/profiles/home/muhammad/SQE_A2/PX4-Autopilot-Testing/build/px4_sitl_test/src/lib/motion_planning/CMakeFiles/motion_planning.dir/VelocitySmoothing.cpp.gcda
Processing /tmp/sqe-assignment-audit/normal/profiles/home/muhammad/SQE_A2/PX4-Autopilot-Testing/build/px4_sitl_test/src/lib/motion_planning/CMakeFiles/motion_planning.dir/HeadingSmoothing.cpp.gcda
Processing /tmp/sqe-assignment-audit/normal/profiles/home/muhammad/SQE_A2/PX4-Autopilot-Testing/build/px4_sitl_test/src/lib/motion_planning/CMakeFiles/motion_planning.dir/PositionSmoothing.cpp.gcda
Processing /tmp/sqe-assignment-audit/normal/profiles/home/muhammad/SQE_A2/PX4-Autopilot-Testing/build/px4_sitl_test/src/lib/sticks/CMakeFiles/Sticks.dir/Sticks.cpp.gcda
Processing /tmp/sqe-assignment-audit/normal/profiles/home/muhammad/SQE_A2/PX4-Autopilot-Testing/build/px4_sitl_test/src/lib/events/CMakeFiles/events.dir/events.cpp.gcda
Processing /tmp/sqe-assignment-audit/normal/profiles/home/muhammad/SQE_A2/PX4-Autopilot-Testing/build/px4_sitl_test/src/lib/perf/CMakeFiles/perf.dir/perf_counter.cpp.gcda
Processing /tmp/sqe-assignment-audit/normal/profiles/home/muhammad/SQE_A2/PX4-Autopilot-Testing/build/px4_sitl_test/src/lib/battery/CMakeFiles/battery.dir/battery.cpp.gcda
Processing /tmp/sqe-assignment-audit/normal/profiles/home/muhammad/SQE_A2/PX4-Autopilot-Testing/build/px4_sitl_test/src/lib/battery/CMakeFiles/functional-Battery.dir/BatteryTest.cpp.gcda
Processing /tmp/sqe-assignment-audit/normal/profiles/home/muhammad/SQE_A2/PX4-Autopilot-Testing/build/px4_sitl_test/src/lib/battery/CMakeFiles/functional-Battery.dir/__/__/modules/battery_status/analog_battery.cpp.gcda
Processing /tmp/sqe-assignment-audit/normal/profiles/home/muhammad/SQE_A2/PX4-Autopilot-Testing/build/px4_sitl_test/src/lib/parameters/CMakeFiles/parameters.dir/autosave.cpp.gcda
Processing /tmp/sqe-assignment-audit/normal/profiles/home/muhammad/SQE_A2/PX4-Autopilot-Testing/build/px4_sitl_test/src/lib/parameters/CMakeFiles/parameters.dir/param_translation_unit_tests.cpp.gcda
Processing /tmp/sqe-assignment-audit/normal/profiles/home/muhammad/SQE_A2/PX4-Autopilot-Testing/build/px4_sitl_test/src/lib/parameters/CMakeFiles/parameters.dir/parameters.cpp.gcda
Processing /tmp/sqe-assignment-audit/normal/profiles/home/muhammad/SQE_A2/PX4-Autopilot-Testing/build/px4_sitl_test/src/lib/parameters/CMakeFiles/parameters.dir/atomic_transaction.cpp.gcda
Processing /tmp/sqe-assignment-audit/normal/profiles/home/muhammad/SQE_A2/PX4-Autopilot-Testing/build/px4_sitl_test/src/lib/tinybson/CMakeFiles/tinybson.dir/tinybson.cpp.gcda
Processing /tmp/sqe-assignment-audit/normal/profiles/home/muhammad/SQE_A2/PX4-Autopilot-Testing/build/px4_sitl_test/src/lib/hysteresis/CMakeFiles/hysteresis.dir/hysteresis.cpp.gcda
Processing /tmp/sqe-assignment-audit/normal/profiles/home/muhammad/SQE_A2/PX4-Autopilot-Testing/build/px4_sitl_test/src/lib/hysteresis/CMakeFiles/unit-HysteresisAssignment.dir/HysteresisAssignmentTest.cpp.gcda
Processing /tmp/sqe-assignment-audit/normal/profiles/home/muhammad/SQE_A2/PX4-Autopilot-Testing/build/px4_sitl_test/src/lib/collision_prevention/CMakeFiles/CollisionPrevention.dir/CollisionPrevention.cpp.gcda
Processing /tmp/sqe-assignment-audit/normal/profiles/home/muhammad/SQE_A2/PX4-Autopilot-Testing/build/px4_sitl_test/src/lib/collision_prevention/CMakeFiles/CollisionPrevention.dir/ObstacleMath.cpp.gcda
Processing /tmp/sqe-assignment-audit/normal/profiles/home/muhammad/SQE_A2/PX4-Autopilot-Testing/build/px4_sitl_test/src/lib/systemlib/CMakeFiles/systemlib.dir/mavlink_log.cpp.gcda
Processing /tmp/sqe-assignment-audit/normal/profiles/home/muhammad/SQE_A2/PX4-Autopilot-Testing/build/px4_sitl_test/_deps/abseil-cpp-build/absl/time/CMakeFiles/time_zone.dir/internal/cctz/src/time_zone_posix.cc.gcda
Processing /tmp/sqe-assignment-audit/normal/profiles/home/muhammad/SQE_A2/PX4-Autopilot-Testing/build/px4_sitl_test/_deps/abseil-cpp-build/absl/time/CMakeFiles/time_zone.dir/internal/cctz/src/time_zone_info.cc.gcda
Processing /tmp/sqe-assignment-audit/normal/profiles/home/muhammad/SQE_A2/PX4-Autopilot-Testing/build/px4_sitl_test/_deps/abseil-cpp-build/absl/time/CMakeFiles/time_zone.dir/internal/cctz/src/time_zone_lookup.cc.gcda
Processing /tmp/sqe-assignment-audit/normal/profiles/home/muhammad/SQE_A2/PX4-Autopilot-Testing/build/px4_sitl_test/_deps/abseil-cpp-build/absl/time/CMakeFiles/time_zone.dir/internal/cctz/src/time_zone_if.cc.gcda
Processing /tmp/sqe-assignment-audit/normal/profiles/home/muhammad/SQE_A2/PX4-Autopilot-Testing/build/px4_sitl_test/_deps/abseil-cpp-build/absl/time/CMakeFiles/time_zone.dir/internal/cctz/src/time_zone_libc.cc.gcda
Processing /tmp/sqe-assignment-audit/normal/profiles/home/muhammad/SQE_A2/PX4-Autopilot-Testing/build/px4_sitl_test/_deps/abseil-cpp-build/absl/time/CMakeFiles/time_zone.dir/internal/cctz/src/zone_info_source.cc.gcda
Processing /tmp/sqe-assignment-audit/normal/profiles/home/muhammad/SQE_A2/PX4-Autopilot-Testing/build/px4_sitl_test/_deps/abseil-cpp-build/absl/time/CMakeFiles/time_zone.dir/internal/cctz/src/time_zone_impl.cc.gcda
Processing /tmp/sqe-assignment-audit/normal/profiles/home/muhammad/SQE_A2/PX4-Autopilot-Testing/build/px4_sitl_test/_deps/abseil-cpp-build/absl/time/CMakeFiles/time_zone.dir/internal/cctz/src/time_zone_fixed.cc.gcda
Processing /tmp/sqe-assignment-audit/normal/profiles/home/muhammad/SQE_A2/PX4-Autopilot-Testing/build/px4_sitl_test/_deps/abseil-cpp-build/absl/time/CMakeFiles/time.dir/clock.cc.gcda
Processing /tmp/sqe-assignment-audit/normal/profiles/home/muhammad/SQE_A2/PX4-Autopilot-Testing/build/px4_sitl_test/_deps/abseil-cpp-build/absl/time/CMakeFiles/time.dir/duration.cc.gcda
Processing /tmp/sqe-assignment-audit/normal/profiles/home/muhammad/SQE_A2/PX4-Autopilot-Testing/build/px4_sitl_test/_deps/abseil-cpp-build/absl/time/CMakeFiles/time.dir/time.cc.gcda
Processing /tmp/sqe-assignment-audit/normal/profiles/home/muhammad/SQE_A2/PX4-Autopilot-Testing/build/px4_sitl_test/_deps/abseil-cpp-build/absl/synchronization/CMakeFiles/synchronization.dir/internal/futex_waiter.cc.gcda
Processing /tmp/sqe-assignment-audit/normal/profiles/home/muhammad/SQE_A2/PX4-Autopilot-Testing/build/px4_sitl_test/_deps/abseil-cpp-build/absl/synchronization/CMakeFiles/synchronization.dir/internal/per_thread_sem.cc.gcda
Processing /tmp/sqe-assignment-audit/normal/profiles/home/muhammad/SQE_A2/PX4-Autopilot-Testing/build/px4_sitl_test/_deps/abseil-cpp-build/absl/synchronization/CMakeFiles/synchronization.dir/internal/waiter_base.cc.gcda
Processing /tmp/sqe-assignment-audit/normal/profiles/home/muhammad/SQE_A2/PX4-Autopilot-Testing/build/px4_sitl_test/_deps/abseil-cpp-build/absl/synchronization/CMakeFiles/synchronization.dir/internal/create_thread_identity.cc.gcda
Processing /tmp/sqe-assignment-audit/normal/profiles/home/muhammad/SQE_A2/PX4-Autopilot-Testing/build/px4_sitl_test/_deps/abseil-cpp-build/absl/synchronization/CMakeFiles/synchronization.dir/mutex.cc.gcda
Processing /tmp/sqe-assignment-audit/normal/profiles/home/muhammad/SQE_A2/PX4-Autopilot-Testing/build/px4_sitl_test/_deps/abseil-cpp-build/absl/synchronization/CMakeFiles/kernel_timeout_internal.dir/internal/kernel_timeout.cc.gcda
Processing /tmp/sqe-assignment-audit/normal/profiles/home/muhammad/SQE_A2/PX4-Autopilot-Testing/build/px4_sitl_test/_deps/abseil-cpp-build/absl/synchronization/CMakeFiles/graphcycles_internal.dir/internal/graphcycles.cc.gcda
Processing /tmp/sqe-assignment-audit/normal/profiles/home/muhammad/SQE_A2/PX4-Autopilot-Testing/build/px4_sitl_test/_deps/abseil-cpp-build/absl/profiling/CMakeFiles/exponential_biased.dir/internal/exponential_biased.cc.gcda
Processing /tmp/sqe-assignment-audit/normal/profiles/home/muhammad/SQE_A2/PX4-Autopilot-Testing/build/px4_sitl_test/_deps/abseil-cpp-build/absl/crc/CMakeFiles/crc_internal.dir/internal/crc.cc.gcda
Processing /tmp/sqe-assignment-audit/normal/profiles/home/muhammad/SQE_A2/PX4-Autopilot-Testing/build/px4_sitl_test/_deps/abseil-cpp-build/absl/crc/CMakeFiles/crc_internal.dir/internal/crc_x86_arm_combined.cc.gcda
Processing /tmp/sqe-assignment-audit/normal/profiles/home/muhammad/SQE_A2/PX4-Autopilot-Testing/build/px4_sitl_test/_deps/abseil-cpp-build/absl/crc/CMakeFiles/crc_cord_state.dir/internal/crc_cord_state.cc.gcda
Processing /tmp/sqe-assignment-audit/normal/profiles/home/muhammad/SQE_A2/PX4-Autopilot-Testing/build/px4_sitl_test/_deps/abseil-cpp-build/absl/crc/CMakeFiles/crc32c.dir/internal/crc_memcpy_fallback.cc.gcda
Processing /tmp/sqe-assignment-audit/normal/profiles/home/muhammad/SQE_A2/PX4-Autopilot-Testing/build/px4_sitl_test/_deps/abseil-cpp-build/absl/crc/CMakeFiles/crc32c.dir/crc32c.cc.gcda
Processing /tmp/sqe-assignment-audit/normal/profiles/home/muhammad/SQE_A2/PX4-Autopilot-Testing/build/px4_sitl_test/_deps/abseil-cpp-build/absl/random/CMakeFiles/random_internal_randen.dir/internal/randen.cc.gcda
Processing /tmp/sqe-assignment-audit/normal/profiles/home/muhammad/SQE_A2/PX4-Autopilot-Testing/build/px4_sitl_test/_deps/abseil-cpp-build/absl/random/CMakeFiles/random_distributions.dir/discrete_distribution.cc.gcda
Processing /tmp/sqe-assignment-audit/normal/profiles/home/muhammad/SQE_A2/PX4-Autopilot-Testing/build/px4_sitl_test/_deps/abseil-cpp-build/absl/random/CMakeFiles/random_internal_entropy_pool.dir/internal/entropy_pool.cc.gcda
Processing /tmp/sqe-assignment-audit/normal/profiles/home/muhammad/SQE_A2/PX4-Autopilot-Testing/build/px4_sitl_test/_deps/abseil-cpp-build/absl/random/CMakeFiles/random_seed_gen_exception.dir/seed_gen_exception.cc.gcda
Processing /tmp/sqe-assignment-audit/normal/profiles/home/muhammad/SQE_A2/PX4-Autopilot-Testing/build/px4_sitl_test/_deps/abseil-cpp-build/absl/random/CMakeFiles/random_internal_randen_hwaes.dir/internal/randen_detect.cc.gcda
Processing /tmp/sqe-assignment-audit/normal/profiles/home/muhammad/SQE_A2/PX4-Autopilot-Testing/build/px4_sitl_test/_deps/abseil-cpp-build/absl/random/CMakeFiles/random_internal_randen_slow.dir/internal/randen_slow.cc.gcda
Processing /tmp/sqe-assignment-audit/normal/profiles/home/muhammad/SQE_A2/PX4-Autopilot-Testing/build/px4_sitl_test/_deps/abseil-cpp-build/absl/random/CMakeFiles/random_internal_randen_hwaes_impl.dir/internal/randen_hwaes.cc.gcda
Processing /tmp/sqe-assignment-audit/normal/profiles/home/muhammad/SQE_A2/PX4-Autopilot-Testing/build/px4_sitl_test/_deps/abseil-cpp-build/absl/random/CMakeFiles/random_internal_seed_material.dir/internal/seed_material.cc.gcda
Processing /tmp/sqe-assignment-audit/normal/profiles/home/muhammad/SQE_A2/PX4-Autopilot-Testing/build/px4_sitl_test/_deps/abseil-cpp-build/absl/log/CMakeFiles/log_internal_log_sink_set.dir/internal/log_sink_set.cc.gcda
Processing /tmp/sqe-assignment-audit/normal/profiles/home/muhammad/SQE_A2/PX4-Autopilot-Testing/build/px4_sitl_test/_deps/abseil-cpp-build/absl/log/CMakeFiles/log_internal_format.dir/internal/log_format.cc.gcda
Processing /tmp/sqe-assignment-audit/normal/profiles/home/muhammad/SQE_A2/PX4-Autopilot-Testing/build/px4_sitl_test/_deps/abseil-cpp-build/absl/log/CMakeFiles/log_internal_message.dir/internal/log_message.cc.gcda
Processing /tmp/sqe-assignment-audit/normal/profiles/home/muhammad/SQE_A2/PX4-Autopilot-Testing/build/px4_sitl_test/_deps/abseil-cpp-build/absl/log/CMakeFiles/log_sink.dir/log_sink.cc.gcda
Processing /tmp/sqe-assignment-audit/normal/profiles/home/muhammad/SQE_A2/PX4-Autopilot-Testing/build/px4_sitl_test/_deps/abseil-cpp-build/absl/log/CMakeFiles/log_internal_globals.dir/internal/globals.cc.gcda
Processing /tmp/sqe-assignment-audit/normal/profiles/home/muhammad/SQE_A2/PX4-Autopilot-Testing/build/px4_sitl_test/_deps/abseil-cpp-build/absl/log/CMakeFiles/log_internal_check_op.dir/internal/check_op.cc.gcda
Processing /tmp/sqe-assignment-audit/normal/profiles/home/muhammad/SQE_A2/PX4-Autopilot-Testing/build/px4_sitl_test/_deps/abseil-cpp-build/absl/log/CMakeFiles/log_globals.dir/globals.cc.gcda
Processing /tmp/sqe-assignment-audit/normal/profiles/home/muhammad/SQE_A2/PX4-Autopilot-Testing/build/px4_sitl_test/_deps/abseil-cpp-build/absl/log/CMakeFiles/log_internal_proto.dir/internal/proto.cc.gcda
Processing /tmp/sqe-assignment-audit/normal/profiles/home/muhammad/SQE_A2/PX4-Autopilot-Testing/build/px4_sitl_test/_deps/abseil-cpp-build/absl/log/CMakeFiles/log_internal_structured_proto.dir/internal/structured_proto.cc.gcda
Processing /tmp/sqe-assignment-audit/normal/profiles/home/muhammad/SQE_A2/PX4-Autopilot-Testing/build/px4_sitl_test/_deps/abseil-cpp-build/absl/status/CMakeFiles/status.dir/status_payload_printer.cc.gcda
Processing /tmp/sqe-assignment-audit/normal/profiles/home/muhammad/SQE_A2/PX4-Autopilot-Testing/build/px4_sitl_test/_deps/abseil-cpp-build/absl/status/CMakeFiles/status.dir/status.cc.gcda
Processing /tmp/sqe-assignment-audit/normal/profiles/home/muhammad/SQE_A2/PX4-Autopilot-Testing/build/px4_sitl_test/_deps/abseil-cpp-build/absl/status/CMakeFiles/status.dir/internal/status_internal.cc.gcda
Processing /tmp/sqe-assignment-audit/normal/profiles/home/muhammad/SQE_A2/PX4-Autopilot-Testing/build/px4_sitl_test/_deps/abseil-cpp-build/absl/status/CMakeFiles/statusor.dir/statusor.cc.gcda
Processing /tmp/sqe-assignment-audit/normal/profiles/home/muhammad/SQE_A2/PX4-Autopilot-Testing/build/px4_sitl_test/_deps/abseil-cpp-build/absl/container/CMakeFiles/hashtablez_sampler.dir/internal/hashtablez_sampler.cc.gcda
Processing /tmp/sqe-assignment-audit/normal/profiles/home/muhammad/SQE_A2/PX4-Autopilot-Testing/build/px4_sitl_test/_deps/abseil-cpp-build/absl/container/CMakeFiles/hashtablez_sampler.dir/internal/hashtablez_sampler_force_weak_definition.cc.gcda
Processing /tmp/sqe-assignment-audit/normal/profiles/home/muhammad/SQE_A2/PX4-Autopilot-Testing/build/px4_sitl_test/_deps/abseil-cpp-build/absl/container/CMakeFiles/raw_hash_set.dir/internal/raw_hash_set.cc.gcda
Processing /tmp/sqe-assignment-audit/normal/profiles/home/muhammad/SQE_A2/PX4-Autopilot-Testing/build/px4_sitl_test/_deps/abseil-cpp-build/absl/hash/CMakeFiles/low_level_hash.dir/internal/low_level_hash.cc.gcda
Processing /tmp/sqe-assignment-audit/normal/profiles/home/muhammad/SQE_A2/PX4-Autopilot-Testing/build/px4_sitl_test/_deps/abseil-cpp-build/absl/hash/CMakeFiles/city.dir/internal/city.cc.gcda
Processing /tmp/sqe-assignment-audit/normal/profiles/home/muhammad/SQE_A2/PX4-Autopilot-Testing/build/px4_sitl_test/_deps/abseil-cpp-build/absl/hash/CMakeFiles/hash.dir/internal/hash.cc.gcda
Processing /tmp/sqe-assignment-audit/normal/profiles/home/muhammad/SQE_A2/PX4-Autopilot-Testing/build/px4_sitl_test/_deps/abseil-cpp-build/absl/base/CMakeFiles/base.dir/internal/unscaledcycleclock.cc.gcda
Processing /tmp/sqe-assignment-audit/normal/profiles/home/muhammad/SQE_A2/PX4-Autopilot-Testing/build/px4_sitl_test/_deps/abseil-cpp-build/absl/base/CMakeFiles/base.dir/internal/thread_identity.cc.gcda
Processing /tmp/sqe-assignment-audit/normal/profiles/home/muhammad/SQE_A2/PX4-Autopilot-Testing/build/px4_sitl_test/_deps/abseil-cpp-build/absl/base/CMakeFiles/base.dir/internal/cycleclock.cc.gcda
Processing /tmp/sqe-assignment-audit/normal/profiles/home/muhammad/SQE_A2/PX4-Autopilot-Testing/build/px4_sitl_test/_deps/abseil-cpp-build/absl/base/CMakeFiles/base.dir/internal/spinlock.cc.gcda
Processing /tmp/sqe-assignment-audit/normal/profiles/home/muhammad/SQE_A2/PX4-Autopilot-Testing/build/px4_sitl_test/_deps/abseil-cpp-build/absl/base/CMakeFiles/base.dir/internal/sysinfo.cc.gcda
Processing /tmp/sqe-assignment-audit/normal/profiles/home/muhammad/SQE_A2/PX4-Autopilot-Testing/build/px4_sitl_test/_deps/abseil-cpp-build/absl/base/CMakeFiles/malloc_internal.dir/internal/low_level_alloc.cc.gcda
Processing /tmp/sqe-assignment-audit/normal/profiles/home/muhammad/SQE_A2/PX4-Autopilot-Testing/build/px4_sitl_test/_deps/abseil-cpp-build/absl/base/CMakeFiles/throw_delegate.dir/internal/throw_delegate.cc.gcda
Processing /tmp/sqe-assignment-audit/normal/profiles/home/muhammad/SQE_A2/PX4-Autopilot-Testing/build/px4_sitl_test/_deps/abseil-cpp-build/absl/base/CMakeFiles/strerror.dir/internal/strerror.cc.gcda
Processing /tmp/sqe-assignment-audit/normal/profiles/home/muhammad/SQE_A2/PX4-Autopilot-Testing/build/px4_sitl_test/_deps/abseil-cpp-build/absl/base/CMakeFiles/spinlock_wait.dir/internal/spinlock_wait.cc.gcda
Processing /tmp/sqe-assignment-audit/normal/profiles/home/muhammad/SQE_A2/PX4-Autopilot-Testing/build/px4_sitl_test/_deps/abseil-cpp-build/absl/base/CMakeFiles/raw_logging_internal.dir/internal/raw_logging.cc.gcda
Processing /tmp/sqe-assignment-audit/normal/profiles/home/muhammad/SQE_A2/PX4-Autopilot-Testing/build/px4_sitl_test/_deps/abseil-cpp-build/absl/debugging/CMakeFiles/symbolize.dir/symbolize.cc.gcda
Processing /tmp/sqe-assignment-audit/normal/profiles/home/muhammad/SQE_A2/PX4-Autopilot-Testing/build/px4_sitl_test/_deps/abseil-cpp-build/absl/debugging/CMakeFiles/demangle_internal.dir/internal/demangle.cc.gcda
Processing /tmp/sqe-assignment-audit/normal/profiles/home/muhammad/SQE_A2/PX4-Autopilot-Testing/build/px4_sitl_test/_deps/abseil-cpp-build/absl/debugging/CMakeFiles/examine_stack.dir/internal/examine_stack.cc.gcda
Processing /tmp/sqe-assignment-audit/normal/profiles/home/muhammad/SQE_A2/PX4-Autopilot-Testing/build/px4_sitl_test/_deps/abseil-cpp-build/absl/debugging/CMakeFiles/demangle_rust.dir/internal/demangle_rust.cc.gcda
Processing /tmp/sqe-assignment-audit/normal/profiles/home/muhammad/SQE_A2/PX4-Autopilot-Testing/build/px4_sitl_test/_deps/abseil-cpp-build/absl/debugging/CMakeFiles/leak_check.dir/leak_check.cc.gcda
Processing /tmp/sqe-assignment-audit/normal/profiles/home/muhammad/SQE_A2/PX4-Autopilot-Testing/build/px4_sitl_test/_deps/abseil-cpp-build/absl/debugging/CMakeFiles/utf8_for_code_point.dir/internal/utf8_for_code_point.cc.gcda
Processing /tmp/sqe-assignment-audit/normal/profiles/home/muhammad/SQE_A2/PX4-Autopilot-Testing/build/px4_sitl_test/_deps/abseil-cpp-build/absl/debugging/CMakeFiles/debugging_internal.dir/internal/address_is_readable.cc.gcda
Processing /tmp/sqe-assignment-audit/normal/profiles/home/muhammad/SQE_A2/PX4-Autopilot-Testing/build/px4_sitl_test/_deps/abseil-cpp-build/absl/debugging/CMakeFiles/debugging_internal.dir/internal/vdso_support.cc.gcda
Processing /tmp/sqe-assignment-audit/normal/profiles/home/muhammad/SQE_A2/PX4-Autopilot-Testing/build/px4_sitl_test/_deps/abseil-cpp-build/absl/debugging/CMakeFiles/debugging_internal.dir/internal/elf_mem_image.cc.gcda
Processing /tmp/sqe-assignment-audit/normal/profiles/home/muhammad/SQE_A2/PX4-Autopilot-Testing/build/px4_sitl_test/_deps/abseil-cpp-build/absl/debugging/CMakeFiles/stacktrace.dir/stacktrace.cc.gcda
Processing /tmp/sqe-assignment-audit/normal/profiles/home/muhammad/SQE_A2/PX4-Autopilot-Testing/build/px4_sitl_test/_deps/abseil-cpp-build/absl/debugging/CMakeFiles/decode_rust_punycode.dir/internal/decode_rust_punycode.cc.gcda
Processing /tmp/sqe-assignment-audit/normal/profiles/home/muhammad/SQE_A2/PX4-Autopilot-Testing/build/px4_sitl_test/_deps/abseil-cpp-build/absl/debugging/CMakeFiles/failure_signal_handler.dir/failure_signal_handler.cc.gcda
Processing /tmp/sqe-assignment-audit/normal/profiles/home/muhammad/SQE_A2/PX4-Autopilot-Testing/build/px4_sitl_test/_deps/abseil-cpp-build/absl/strings/CMakeFiles/str_format_internal.dir/internal/str_format/output.cc.gcda
Processing /tmp/sqe-assignment-audit/normal/profiles/home/muhammad/SQE_A2/PX4-Autopilot-Testing/build/px4_sitl_test/_deps/abseil-cpp-build/absl/strings/CMakeFiles/str_format_internal.dir/internal/str_format/bind.cc.gcda
Processing /tmp/sqe-assignment-audit/normal/profiles/home/muhammad/SQE_A2/PX4-Autopilot-Testing/build/px4_sitl_test/_deps/abseil-cpp-build/absl/strings/CMakeFiles/str_format_internal.dir/internal/str_format/arg.cc.gcda
Processing /tmp/sqe-assignment-audit/normal/profiles/home/muhammad/SQE_A2/PX4-Autopilot-Testing/build/px4_sitl_test/_deps/abseil-cpp-build/absl/strings/CMakeFiles/str_format_internal.dir/internal/str_format/parser.cc.gcda
Processing /tmp/sqe-assignment-audit/normal/profiles/home/muhammad/SQE_A2/PX4-Autopilot-Testing/build/px4_sitl_test/_deps/abseil-cpp-build/absl/strings/CMakeFiles/str_format_internal.dir/internal/str_format/float_conversion.cc.gcda
Processing /tmp/sqe-assignment-audit/normal/profiles/home/muhammad/SQE_A2/PX4-Autopilot-Testing/build/px4_sitl_test/_deps/abseil-cpp-build/absl/strings/CMakeFiles/str_format_internal.dir/internal/str_format/extension.cc.gcda
Processing /tmp/sqe-assignment-audit/normal/profiles/home/muhammad/SQE_A2/PX4-Autopilot-Testing/build/px4_sitl_test/_deps/abseil-cpp-build/absl/strings/CMakeFiles/cordz_functions.dir/internal/cordz_functions.cc.gcda
Processing /tmp/sqe-assignment-audit/normal/profiles/home/muhammad/SQE_A2/PX4-Autopilot-Testing/build/px4_sitl_test/_deps/abseil-cpp-build/absl/strings/CMakeFiles/cordz_handle.dir/internal/cordz_handle.cc.gcda
Processing /tmp/sqe-assignment-audit/normal/profiles/home/muhammad/SQE_A2/PX4-Autopilot-Testing/build/px4_sitl_test/_deps/abseil-cpp-build/absl/strings/CMakeFiles/strings.dir/escaping.cc.gcda
Processing /tmp/sqe-assignment-audit/normal/profiles/home/muhammad/SQE_A2/PX4-Autopilot-Testing/build/px4_sitl_test/_deps/abseil-cpp-build/absl/strings/CMakeFiles/strings.dir/match.cc.gcda
Processing /tmp/sqe-assignment-audit/normal/profiles/home/muhammad/SQE_A2/PX4-Autopilot-Testing/build/px4_sitl_test/_deps/abseil-cpp-build/absl/strings/CMakeFiles/strings.dir/str_replace.cc.gcda
Processing /tmp/sqe-assignment-audit/normal/profiles/home/muhammad/SQE_A2/PX4-Autopilot-Testing/build/px4_sitl_test/_deps/abseil-cpp-build/absl/strings/CMakeFiles/strings.dir/numbers.cc.gcda
Processing /tmp/sqe-assignment-audit/normal/profiles/home/muhammad/SQE_A2/PX4-Autopilot-Testing/build/px4_sitl_test/_deps/abseil-cpp-build/absl/strings/CMakeFiles/strings.dir/internal/charconv_parse.cc.gcda
Processing /tmp/sqe-assignment-audit/normal/profiles/home/muhammad/SQE_A2/PX4-Autopilot-Testing/build/px4_sitl_test/_deps/abseil-cpp-build/absl/strings/CMakeFiles/strings.dir/internal/stringify_sink.cc.gcda
Processing /tmp/sqe-assignment-audit/normal/profiles/home/muhammad/SQE_A2/PX4-Autopilot-Testing/build/px4_sitl_test/_deps/abseil-cpp-build/absl/strings/CMakeFiles/strings.dir/internal/charconv_bigint.cc.gcda
Processing /tmp/sqe-assignment-audit/normal/profiles/home/muhammad/SQE_A2/PX4-Autopilot-Testing/build/px4_sitl_test/_deps/abseil-cpp-build/absl/strings/CMakeFiles/strings.dir/internal/damerau_levenshtein_distance.cc.gcda
Processing /tmp/sqe-assignment-audit/normal/profiles/home/muhammad/SQE_A2/PX4-Autopilot-Testing/build/px4_sitl_test/_deps/abseil-cpp-build/absl/strings/CMakeFiles/strings.dir/internal/memutil.cc.gcda
Processing /tmp/sqe-assignment-audit/normal/profiles/home/muhammad/SQE_A2/PX4-Autopilot-Testing/build/px4_sitl_test/_deps/abseil-cpp-build/absl/strings/CMakeFiles/strings.dir/charconv.cc.gcda
Processing /tmp/sqe-assignment-audit/normal/profiles/home/muhammad/SQE_A2/PX4-Autopilot-Testing/build/px4_sitl_test/_deps/abseil-cpp-build/absl/strings/CMakeFiles/strings.dir/str_split.cc.gcda
Processing /tmp/sqe-assignment-audit/normal/profiles/home/muhammad/SQE_A2/PX4-Autopilot-Testing/build/px4_sitl_test/_deps/abseil-cpp-build/absl/strings/CMakeFiles/strings.dir/ascii.cc.gcda
Processing /tmp/sqe-assignment-audit/normal/profiles/home/muhammad/SQE_A2/PX4-Autopilot-Testing/build/px4_sitl_test/_deps/abseil-cpp-build/absl/strings/CMakeFiles/strings.dir/str_cat.cc.gcda
Processing /tmp/sqe-assignment-audit/normal/profiles/home/muhammad/SQE_A2/PX4-Autopilot-Testing/build/px4_sitl_test/_deps/abseil-cpp-build/absl/strings/CMakeFiles/cord_internal.dir/internal/cord_rep_crc.cc.gcda
Processing /tmp/sqe-assignment-audit/normal/profiles/home/muhammad/SQE_A2/PX4-Autopilot-Testing/build/px4_sitl_test/_deps/abseil-cpp-build/absl/strings/CMakeFiles/cord_internal.dir/internal/cord_rep_btree.cc.gcda
Processing /tmp/sqe-assignment-audit/normal/profiles/home/muhammad/SQE_A2/PX4-Autopilot-Testing/build/px4_sitl_test/_deps/abseil-cpp-build/absl/strings/CMakeFiles/cord_internal.dir/internal/cord_rep_btree_navigator.cc.gcda
Processing /tmp/sqe-assignment-audit/normal/profiles/home/muhammad/SQE_A2/PX4-Autopilot-Testing/build/px4_sitl_test/_deps/abseil-cpp-build/absl/strings/CMakeFiles/cord_internal.dir/internal/cord_rep_consume.cc.gcda
Processing /tmp/sqe-assignment-audit/normal/profiles/home/muhammad/SQE_A2/PX4-Autopilot-Testing/build/px4_sitl_test/_deps/abseil-cpp-build/absl/strings/CMakeFiles/cord_internal.dir/internal/cord_internal.cc.gcda
Processing /tmp/sqe-assignment-audit/normal/profiles/home/muhammad/SQE_A2/PX4-Autopilot-Testing/build/px4_sitl_test/_deps/abseil-cpp-build/absl/strings/CMakeFiles/cord_internal.dir/internal/cord_rep_btree_reader.cc.gcda
Processing /tmp/sqe-assignment-audit/normal/profiles/home/muhammad/SQE_A2/PX4-Autopilot-Testing/build/px4_sitl_test/_deps/abseil-cpp-build/absl/strings/CMakeFiles/strings_internal.dir/internal/escaping.cc.gcda
Processing /tmp/sqe-assignment-audit/normal/profiles/home/muhammad/SQE_A2/PX4-Autopilot-Testing/build/px4_sitl_test/_deps/abseil-cpp-build/absl/strings/CMakeFiles/strings_internal.dir/internal/utf8.cc.gcda
Processing /tmp/sqe-assignment-audit/normal/profiles/home/muhammad/SQE_A2/PX4-Autopilot-Testing/build/px4_sitl_test/_deps/abseil-cpp-build/absl/strings/CMakeFiles/cordz_info.dir/internal/cordz_info.cc.gcda
Processing /tmp/sqe-assignment-audit/normal/profiles/home/muhammad/SQE_A2/PX4-Autopilot-Testing/build/px4_sitl_test/_deps/abseil-cpp-build/absl/strings/CMakeFiles/cord.dir/cord.cc.gcda
Processing /tmp/sqe-assignment-audit/normal/profiles/home/muhammad/SQE_A2/PX4-Autopilot-Testing/build/px4_sitl_test/_deps/abseil-cpp-build/absl/flags/CMakeFiles/flags_commandlineflag_internal.dir/internal/commandlineflag.cc.gcda
Processing /tmp/sqe-assignment-audit/normal/profiles/home/muhammad/SQE_A2/PX4-Autopilot-Testing/build/px4_sitl_test/_deps/abseil-cpp-build/absl/flags/CMakeFiles/flags_private_handle_accessor.dir/internal/private_handle_accessor.cc.gcda
Processing /tmp/sqe-assignment-audit/normal/profiles/home/muhammad/SQE_A2/PX4-Autopilot-Testing/build/px4_sitl_test/_deps/abseil-cpp-build/absl/flags/CMakeFiles/flags_reflection.dir/reflection.cc.gcda
Processing /tmp/sqe-assignment-audit/normal/profiles/home/muhammad/SQE_A2/PX4-Autopilot-Testing/build/px4_sitl_test/_deps/abseil-cpp-build/absl/flags/CMakeFiles/flags_marshalling.dir/marshalling.cc.gcda
Processing /tmp/sqe-assignment-audit/normal/profiles/home/muhammad/SQE_A2/PX4-Autopilot-Testing/build/px4_sitl_test/_deps/abseil-cpp-build/absl/flags/CMakeFiles/flags_parse.dir/parse.cc.gcda
Processing /tmp/sqe-assignment-audit/normal/profiles/home/muhammad/SQE_A2/PX4-Autopilot-Testing/build/px4_sitl_test/_deps/abseil-cpp-build/absl/flags/CMakeFiles/flags_internal.dir/internal/flag.cc.gcda
Processing /tmp/sqe-assignment-audit/normal/profiles/home/muhammad/SQE_A2/PX4-Autopilot-Testing/build/px4_sitl_test/_deps/abseil-cpp-build/absl/flags/CMakeFiles/flags_program_name.dir/internal/program_name.cc.gcda
Processing /tmp/sqe-assignment-audit/normal/profiles/home/muhammad/SQE_A2/PX4-Autopilot-Testing/build/px4_sitl_test/_deps/abseil-cpp-build/absl/flags/CMakeFiles/flags_usage.dir/usage.cc.gcda
Processing /tmp/sqe-assignment-audit/normal/profiles/home/muhammad/SQE_A2/PX4-Autopilot-Testing/build/px4_sitl_test/_deps/abseil-cpp-build/absl/flags/CMakeFiles/flags_commandlineflag.dir/commandlineflag.cc.gcda
Processing /tmp/sqe-assignment-audit/normal/profiles/home/muhammad/SQE_A2/PX4-Autopilot-Testing/build/px4_sitl_test/_deps/abseil-cpp-build/absl/flags/CMakeFiles/flags_usage_internal.dir/internal/usage.cc.gcda
Processing /tmp/sqe-assignment-audit/normal/profiles/home/muhammad/SQE_A2/PX4-Autopilot-Testing/build/px4_sitl_test/_deps/abseil-cpp-build/absl/flags/CMakeFiles/flags_config.dir/usage_config.cc.gcda
Processing /tmp/sqe-assignment-audit/normal/profiles/home/muhammad/SQE_A2/PX4-Autopilot-Testing/build/px4_sitl_test/_deps/abseil-cpp-build/absl/numeric/CMakeFiles/int128.dir/int128.cc.gcda
Processing /tmp/sqe-assignment-audit/normal/profiles/home/muhammad/SQE_A2/PX4-Autopilot-Testing/build/px4_sitl_test/_deps/re2-build/CMakeFiles/re2.dir/re2/simplify.cc.gcda
Processing /tmp/sqe-assignment-audit/normal/profiles/home/muhammad/SQE_A2/PX4-Autopilot-Testing/build/px4_sitl_test/_deps/re2-build/CMakeFiles/re2.dir/re2/dfa.cc.gcda
Processing /tmp/sqe-assignment-audit/normal/profiles/home/muhammad/SQE_A2/PX4-Autopilot-Testing/build/px4_sitl_test/_deps/re2-build/CMakeFiles/re2.dir/re2/tostring.cc.gcda
Processing /tmp/sqe-assignment-audit/normal/profiles/home/muhammad/SQE_A2/PX4-Autopilot-Testing/build/px4_sitl_test/_deps/re2-build/CMakeFiles/re2.dir/re2/prog.cc.gcda
Processing /tmp/sqe-assignment-audit/normal/profiles/home/muhammad/SQE_A2/PX4-Autopilot-Testing/build/px4_sitl_test/_deps/re2-build/CMakeFiles/re2.dir/re2/nfa.cc.gcda
Processing /tmp/sqe-assignment-audit/normal/profiles/home/muhammad/SQE_A2/PX4-Autopilot-Testing/build/px4_sitl_test/_deps/re2-build/CMakeFiles/re2.dir/re2/regexp.cc.gcda
Processing /tmp/sqe-assignment-audit/normal/profiles/home/muhammad/SQE_A2/PX4-Autopilot-Testing/build/px4_sitl_test/_deps/re2-build/CMakeFiles/re2.dir/re2/bitmap256.cc.gcda
Processing /tmp/sqe-assignment-audit/normal/profiles/home/muhammad/SQE_A2/PX4-Autopilot-Testing/build/px4_sitl_test/_deps/re2-build/CMakeFiles/re2.dir/re2/bitstate.cc.gcda
Processing /tmp/sqe-assignment-audit/normal/profiles/home/muhammad/SQE_A2/PX4-Autopilot-Testing/build/px4_sitl_test/_deps/re2-build/CMakeFiles/re2.dir/re2/parse.cc.gcda
Processing /tmp/sqe-assignment-audit/normal/profiles/home/muhammad/SQE_A2/PX4-Autopilot-Testing/build/px4_sitl_test/_deps/re2-build/CMakeFiles/re2.dir/re2/onepass.cc.gcda
Processing /tmp/sqe-assignment-audit/normal/profiles/home/muhammad/SQE_A2/PX4-Autopilot-Testing/build/px4_sitl_test/_deps/re2-build/CMakeFiles/re2.dir/re2/re2.cc.gcda
Processing /tmp/sqe-assignment-audit/normal/profiles/home/muhammad/SQE_A2/PX4-Autopilot-Testing/build/px4_sitl_test/_deps/re2-build/CMakeFiles/re2.dir/re2/compile.cc.gcda
Processing /tmp/sqe-assignment-audit/normal/profiles/home/muhammad/SQE_A2/PX4-Autopilot-Testing/build/px4_sitl_test/_deps/re2-build/CMakeFiles/re2.dir/util/rune.cc.gcda
Processing /tmp/sqe-assignment-audit/normal/profiles/home/muhammad/SQE_A2/PX4-Autopilot-Testing/build/px4_sitl_test/_deps/re2-build/CMakeFiles/re2.dir/util/strutil.cc.gcda
Processing /tmp/sqe-assignment-audit/normal/profiles/home/muhammad/SQE_A2/PX4-Autopilot-Testing/build/px4_sitl_test/_deps/googletest-build/googletest/CMakeFiles/gtest.dir/src/gtest-all.cc.gcda
Excluded data for 895 files due to include/exclude options
Finished .info-file creation
