[0/1] Re-running CMake...
fatal: No names found, cannot describe anything.
-- PX4_GIT_TAG: v0.0.0
CMake Warning (dev) at CMakeLists.txt:176 (find_package):
  Policy CMP0148 is not set: The FindPythonInterp and FindPythonLibs modules
  are removed.  Run "cmake --help-policy CMP0148" for policy details.  Use
  the cmake_policy command to set the policy and suppress this warning.

This warning is for project developers.  Use -Wno-dev to suppress it.

-- PX4 config file: /home/muhammad/SQE_A2/PX4-Autopilot-Testing/boards/px4/sitl/test.px4board
-- PLATFORM posix
-- NOLOCKSTEP y
-- ROMFSROOT px4fmu_common
-- TESTING y
-- ETHERNET y
-- ROOT_PATH .
-- PARAM_FILE /fs/mtd_params
-- PX4 config: px4_sitl_test
-- PX4 platform: posix
-- PX4 lockstep: disabled
-- cmake build type: Coverage
-- Building for code coverage
-- Coverage instrumentation enabled with flags: --coverage;-fprofile-update=atomic
-- Adding fuzztest
CMake Warning at build/px4_sitl_test/_deps/abseil-cpp-src/CMakeLists.txt:177 (message):
    The default and system-level install directories are unsupported except in LTS   releases of Abseil.  Please set CMAKE_INSTALL_PREFIX to install Abseil in your   source or build tree directly.    


-- Building without demo. To enable demo build use: -DWITH_DEMO=True
-- ADDING TEST STUBS
-- Could NOT find gz-transport (missing: gz-transport_DIR)
-- Gazebo simulation bridge module disabled: missing dependencies
-- Could NOT find Protobuf (missing: Protobuf_LIBRARIES Protobuf_INCLUDE_DIR) 
-- Could NOT find gz-transport (missing: gz-transport_DIR)
-- Could NOT find gz-sim (missing: gz-sim_DIR)
-- Could NOT find gz-sensors (missing: gz-sensors_DIR)
-- Could NOT find gz-plugin (missing: gz-plugin_DIR)
-- Could NOT find Java (missing: Java_JAVA_EXECUTABLE Java_JAR_EXECUTABLE Java_JAVAC_EXECUTABLE Java_JAVAH_EXECUTABLE Java_JAVADOC_EXECUTABLE) 
-- ROMFS: ROMFS/px4fmu_common
Architecture:  amd64
==> CPACK_INSTALL_PREFIX = @DEB_INSTALL_PREFIX@
-- Configuring done (14.7s)
-- Generating done (1.9s)
-- Build files have been written to: /home/muhammad/SQE_A2/PX4-Autopilot-Testing/build/px4_sitl_test
[1/4] Building CXX object src/lib/battery/CMakeFiles/functional-Battery.dir/BatteryTest.cpp.o
[2/4] Building CXX object src/modules/land_detector/CMakeFiles/functional-LandDetector.dir/LandDetectorTest.cpp.o
[3/4] Linking CXX executable functional-Battery
[4/4] Linking CXX executable functional-LandDetector
